Archive member included to satisfy reference by file (symbol)

C:/ST/STM32CubeIDE_1.13.2/STM32CubeIDE/plugins/com.st.stm32cube.ide.mcu.externaltools.gnu-tools-for-stm32.12.3.rel1.win32_1.0.100.202403111256/tools/bin/../lib/gcc/arm-none-eabi/12.3.1/../../../../arm-none-eabi/lib/thumb/v7-m/nofp\libc_nano.a(libc_a-exit.o)
                              C:/ST/STM32CubeIDE_1.13.2/STM32CubeIDE/plugins/com.st.stm32cube.ide.mcu.externaltools.gnu-tools-for-stm32.12.3.rel1.win32_1.0.100.202403111256/tools/bin/../lib/gcc/arm-none-eabi/12.3.1/../../../../arm-none-eabi/lib/thumb/v7-m/nofp/crt0.o (exit)
C:/ST/STM32CubeIDE_1.13.2/STM32CubeIDE/plugins/com.st.stm32cube.ide.mcu.externaltools.gnu-tools-for-stm32.12.3.rel1.win32_1.0.100.202403111256/tools/bin/../lib/gcc/arm-none-eabi/12.3.1/../../../../arm-none-eabi/lib/thumb/v7-m/nofp\libc_nano.a(libc_a-malloc.o)
                              ./Lib/uart_test/uartstdio.o (malloc)
C:/ST/STM32CubeIDE_1.13.2/STM32CubeIDE/plugins/com.st.stm32cube.ide.mcu.externaltools.gnu-tools-for-stm32.12.3.rel1.win32_1.0.100.202403111256/tools/bin/../lib/gcc/arm-none-eabi/12.3.1/../../../../arm-none-eabi/lib/thumb/v7-m/nofp\libc_nano.a(libc_a-mallocr.o)
                              C:/ST/STM32CubeIDE_1.13.2/STM32CubeIDE/plugins/com.st.stm32cube.ide.mcu.externaltools.gnu-tools-for-stm32.12.3.rel1.win32_1.0.100.202403111256/tools/bin/../lib/gcc/arm-none-eabi/12.3.1/../../../../arm-none-eabi/lib/thumb/v7-m/nofp\libc_nano.a(libc_a-malloc.o) (_malloc_r)
C:/ST/STM32CubeIDE_1.13.2/STM32CubeIDE/plugins/com.st.stm32cube.ide.mcu.externaltools.gnu-tools-for-stm32.12.3.rel1.win32_1.0.100.202403111256/tools/bin/../lib/gcc/arm-none-eabi/12.3.1/../../../../arm-none-eabi/lib/thumb/v7-m/nofp\libc_nano.a(libc_a-mlock.o)
                              C:/ST/STM32CubeIDE_1.13.2/STM32CubeIDE/plugins/com.st.stm32cube.ide.mcu.externaltools.gnu-tools-for-stm32.12.3.rel1.win32_1.0.100.202403111256/tools/bin/../lib/gcc/arm-none-eabi/12.3.1/../../../../arm-none-eabi/lib/thumb/v7-m/nofp\libc_nano.a(libc_a-mallocr.o) (__malloc_lock)
C:/ST/STM32CubeIDE_1.13.2/STM32CubeIDE/plugins/com.st.stm32cube.ide.mcu.externaltools.gnu-tools-for-stm32.12.3.rel1.win32_1.0.100.202403111256/tools/bin/../lib/gcc/arm-none-eabi/12.3.1/../../../../arm-none-eabi/lib/thumb/v7-m/nofp\libc_nano.a(libc_a-findfp.o)
                              C:/ST/STM32CubeIDE_1.13.2/STM32CubeIDE/plugins/com.st.stm32cube.ide.mcu.externaltools.gnu-tools-for-stm32.12.3.rel1.win32_1.0.100.202403111256/tools/bin/../lib/gcc/arm-none-eabi/12.3.1/../../../../arm-none-eabi/lib/thumb/v7-m/nofp\libc_nano.a(libc_a-exit.o) (__stdio_exit_handler)
C:/ST/STM32CubeIDE_1.13.2/STM32CubeIDE/plugins/com.st.stm32cube.ide.mcu.externaltools.gnu-tools-for-stm32.12.3.rel1.win32_1.0.100.202403111256/tools/bin/../lib/gcc/arm-none-eabi/12.3.1/../../../../arm-none-eabi/lib/thumb/v7-m/nofp\libc_nano.a(libc_a-fwalk.o)
                              C:/ST/STM32CubeIDE_1.13.2/STM32CubeIDE/plugins/com.st.stm32cube.ide.mcu.externaltools.gnu-tools-for-stm32.12.3.rel1.win32_1.0.100.202403111256/tools/bin/../lib/gcc/arm-none-eabi/12.3.1/../../../../arm-none-eabi/lib/thumb/v7-m/nofp\libc_nano.a(libc_a-findfp.o) (_fwalk_sglue)
C:/ST/STM32CubeIDE_1.13.2/STM32CubeIDE/plugins/com.st.stm32cube.ide.mcu.externaltools.gnu-tools-for-stm32.12.3.rel1.win32_1.0.100.202403111256/tools/bin/../lib/gcc/arm-none-eabi/12.3.1/../../../../arm-none-eabi/lib/thumb/v7-m/nofp\libc_nano.a(libc_a-stdio.o)
                              C:/ST/STM32CubeIDE_1.13.2/STM32CubeIDE/plugins/com.st.stm32cube.ide.mcu.externaltools.gnu-tools-for-stm32.12.3.rel1.win32_1.0.100.202403111256/tools/bin/../lib/gcc/arm-none-eabi/12.3.1/../../../../arm-none-eabi/lib/thumb/v7-m/nofp\libc_nano.a(libc_a-findfp.o) (__sread)
C:/ST/STM32CubeIDE_1.13.2/STM32CubeIDE/plugins/com.st.stm32cube.ide.mcu.externaltools.gnu-tools-for-stm32.12.3.rel1.win32_1.0.100.202403111256/tools/bin/../lib/gcc/arm-none-eabi/12.3.1/../../../../arm-none-eabi/lib/thumb/v7-m/nofp\libc_nano.a(libc_a-memset.o)
                              C:/ST/STM32CubeIDE_1.13.2/STM32CubeIDE/plugins/com.st.stm32cube.ide.mcu.externaltools.gnu-tools-for-stm32.12.3.rel1.win32_1.0.100.202403111256/tools/bin/../lib/gcc/arm-none-eabi/12.3.1/../../../../arm-none-eabi/lib/thumb/v7-m/nofp/crt0.o (memset)
C:/ST/STM32CubeIDE_1.13.2/STM32CubeIDE/plugins/com.st.stm32cube.ide.mcu.externaltools.gnu-tools-for-stm32.12.3.rel1.win32_1.0.100.202403111256/tools/bin/../lib/gcc/arm-none-eabi/12.3.1/../../../../arm-none-eabi/lib/thumb/v7-m/nofp\libc_nano.a(libc_a-closer.o)
                              C:/ST/STM32CubeIDE_1.13.2/STM32CubeIDE/plugins/com.st.stm32cube.ide.mcu.externaltools.gnu-tools-for-stm32.12.3.rel1.win32_1.0.100.202403111256/tools/bin/../lib/gcc/arm-none-eabi/12.3.1/../../../../arm-none-eabi/lib/thumb/v7-m/nofp\libc_nano.a(libc_a-stdio.o) (_close_r)
[...]
Memory Configuration

Name             Origin             Length             Attributes
RAM              0x20000000         0x0000c000         xrw
FLASH            0x08000000         0x00040000         xr
*default*        0x00000000         0xffffffff

Linker script and memory map

LOAD C:/ST/STM32CubeIDE_1.13.2/STM32CubeIDE/plugins/com.st.stm32cube.ide.mcu.externaltools.gnu-tools-for-stm32.12.3.rel1.win32_1.0.100.202403111256/tools/bin/../lib/gcc/arm-none-eabi/12.3.1/thumb/v7-m/nofp/crti.o
LOAD C:/ST/STM32CubeIDE_1.13.2/STM32CubeIDE/plugins/com.st.stm32cube.ide.mcu.externaltools.gnu-tools-for-stm32.12.3.rel1.win32_1.0.100.202403111256/tools/bin/../lib/gcc/arm-none-eabi/12.3.1/thumb/v7-m/nofp/crtbegin.o
LOAD C:/ST/STM32CubeIDE_1.13.2/STM32CubeIDE/plugins/com.st.stm32cube.ide.mcu.externaltools.gnu-tools-for-stm32.12.3.rel1.win32_1.0.100.202403111256/tools/bin/../lib/gcc/arm-none-eabi/12.3.1/../../../../arm-none-eabi/lib/thumb/v7-m/nofp/crt0.o
LOAD ./Application/app.o
LOAD ./Core/Src/main.o
LOAD ./Core/Src/stm32f1xx_hal_msp.o
LOAD ./Core/Src/stm32f1xx_hal_timebase_tim.o
LOAD ./Core/Src/stm32f1xx_it.o
LOAD ./Core/Src/syscalls.o
LOAD ./Core/Src/sysmem.o
LOAD ./Core/Src/system_stm32f1xx.o
LOAD ./Core/Startup/startup_stm32f103rctx.o
LOAD ./Drivers/STM32F1xx_HAL_Driver/Src/stm32f1xx_hal.o
LOAD ./Drivers/STM32F1xx_HAL_Driver/Src/stm32f1xx_hal_cortex.o
LOAD ./Drivers/STM32F1xx_HAL_Driver/Src/stm32f1xx_hal_dma.o
LOAD ./Drivers/STM32F1xx_HAL_Driver/Src/stm32f1xx_hal_exti.o
LOAD ./Drivers/STM32F1xx_HAL_Driver/Src/stm32f1xx_hal_flash.o
LOAD ./Drivers/STM32F1xx_HAL_Driver/Src/stm32f1xx_hal_flash_ex.o
LOAD ./Drivers/STM32F1xx_HAL_Driver/Src/stm32f1xx_hal_gpio.o
LOAD ./Drivers/STM32F1xx_HAL_Driver/Src/stm32f1xx_hal_gpio_ex.o
LOAD ./Drivers/STM32F1xx_HAL_Driver/Src/stm32f1xx_hal_pwr.o
LOAD ./Drivers/STM32F1xx_HAL_Driver/Src/stm32f1xx_hal_rcc.o
LOAD ./Drivers/STM32F1xx_HAL_Driver/Src/stm32f1xx_hal_rcc_ex.o
LOAD ./Drivers/STM32F1xx_HAL_Driver/Src/stm32f1xx_hal_spi.o
LOAD ./Drivers/STM32F1xx_HAL_Driver/Src/stm32f1xx_hal_tim.o
LOAD ./Drivers/STM32F1xx_HAL_Driver/Src/stm32f1xx_hal_tim_ex.o
LOAD ./Drivers/STM32F1xx_HAL_Driver/Src/stm32f1xx_hal_uart.o
LOAD ./FreeRTOS/croutine.o
LOAD ./FreeRTOS/event_groups.o
LOAD ./FreeRTOS/list.o
LOAD ./FreeRTOS/queue.o
LOAD ./FreeRTOS/stream_buffer.o
LOAD ./FreeRTOS/tasks.o
LOAD ./FreeRTOS/timers.o
LOAD ./FreeRTOS/portable/GCC/ARM_CM3/port.o
LOAD ./FreeRTOS/portable/heap_4.o
LOAD ./Lib/delay/delay.o
LOAD ./Lib/dht_11/dht_11.o
LOAD ./Lib/lm_393/lm_393.o
LOAD ./Lib/pir_am312/pir_am312.o
LOAD ./Lib/tft_ili9341/ILI9341_GFX.o
LOAD ./Lib/tft_ili9341/ILI9341_STM32_Driver.o
LOAD ./Lib/tft_ili9341/fonts.o
LOAD ./Lib/uart_test/uartstdio.o
START GROUP
LOAD C:/ST/STM32CubeIDE_1.13.2/STM32CubeIDE/plugins/com.st.stm32cube.ide.mcu.externaltools.gnu-tools-for-stm32.12.3.rel1.win32_1.0.100.202403111256/tools/bin/../lib/gcc/arm-none-eabi/12.3.1/../../../../arm-none-eabi/lib/thumb/v7-m/nofp\libc_nano.a
LOAD C:/ST/STM32CubeIDE_1.13.2/STM32CubeIDE/plugins/com.st.stm32cube.ide.mcu.externaltools.gnu-tools-for-stm32.12.3.rel1.win32_1.0.100.202403111256/tools/bin/../lib/gcc/arm-none-eabi/12.3.1/../../../../arm-none-eabi/lib/thumb/v7-m/nofp\libm.a
END GROUP
START GROUP
LOAD C:/ST/STM32CubeIDE_1.13.2/STM32CubeIDE/plugins/com.st.stm32cube.ide.mcu.externaltools.gnu-tools-for-stm32.12.3.rel1.win32_1.0.100.202403111256/tools/bin/../lib/gcc/arm-none-eabi/12.3.1/thumb/v7-m/nofp\libgcc.a
LOAD C:/ST/STM32CubeIDE_1.13.2/STM32CubeIDE/plugins/com.st.stm32cube.ide.mcu.externaltools.gnu-tools-for-stm32.12.3.rel1.win32_1.0.100.202403111256/tools/bin/../lib/gcc/arm-none-eabi/12.3.1/../../../../arm-none-eabi/lib/thumb/v7-m/nofp\libc_nano.a
END GROUP
START GROUP
LOAD C:/ST/STM32CubeIDE_1.13.2/STM32CubeIDE/plugins/com.st.stm32cube.ide.mcu.externaltools.gnu-tools-for-stm32.12.3.rel1.win32_1.0.100.202403111256/tools/bin/../lib/gcc/arm-none-eabi/12.3.1/thumb/v7-m/nofp\libgcc.a
LOAD C:/ST/STM32CubeIDE_1.13.2/STM32CubeIDE/plugins/com.st.stm32cube.ide.mcu.externaltools.gnu-tools-for-stm32.12.3.rel1.win32_1.0.100.202403111256/tools/bin/../lib/gcc/arm-none-eabi/12.3.1/../../../../arm-none-eabi/lib/thumb/v7-m/nofp\libc_nano.a
LOAD C:/ST/STM32CubeIDE_1.13.2/STM32CubeIDE/plugins/com.st.stm32cube.ide.mcu.externaltools.gnu-tools-for-stm32.12.3.rel1.win32_1.0.100.202403111256/tools/bin/../lib/gcc/arm-none-eabi/12.3.1/../../../../arm-none-eabi/lib/thumb/v7-m/nofp\libnosys.a
END GROUP
START GROUP
LOAD C:/ST/STM32CubeIDE_1.13.2/STM32CubeIDE/plugins/com.st.stm32cube.ide.mcu.externaltools.gnu-tools-for-stm32.12.3.rel1.win32_1.0.100.202403111256/tools/bin/../lib/gcc/arm-none-eabi/12.3.1/thumb/v7-m/nofp\libgcc.a
LOAD C:/ST/STM32CubeIDE_1.13.2/STM32CubeIDE/plugins/com.st.stm32cube.ide.mcu.externaltools.gnu-tools-for-stm32.12.3.rel1.win32_1.0.100.202403111256/tools/bin/../lib/gcc/arm-none-eabi/12.3.1/../../../../arm-none-eabi/lib/thumb/v7-m/nofp\libc_nano.a
LOAD C:/ST/STM32CubeIDE_1.13.2/STM32CubeIDE/plugins/com.st.stm32cube.ide.mcu.externaltools.gnu-tools-for-stm32.12.3.rel1.win32_1.0.100.202403111256/tools/bin/../lib/gcc/arm-none-eabi/12.3.1/../../../../arm-none-eabi/lib/thumb/v7-m/nofp\libnosys.a
END GROUP
LOAD C:/ST/STM32CubeIDE_1.13.2/STM32CubeIDE/plugins/com.st.stm32cube.ide.mcu.externaltools.gnu-tools-for-stm32.12.3.rel1.win32_1.0.100.202403111256/tools/bin/../lib/gcc/arm-none-eabi/12.3.1/thumb/v7-m/nofp/crtend.o
LOAD C:/ST/STM32CubeIDE_1.13.2/STM32CubeIDE/plugins/com.st.stm32cube.ide.mcu.externaltools.gnu-tools-for-stm32.12.3.rel1.win32_1.0.100.202403111256/tools/bin/../lib/gcc/arm-none-eabi/12.3.1/thumb/v7-m/nofp/crtn.o
                0x2000c000                        _estack = (ORIGIN (RAM) + LENGTH (RAM))
                0x00000200                        _Min_Heap_Size = 0x200
                0x00000400                        _Min_Stack_Size = 0x400

.isr_vector     0x08000000      0x1e4
                0x08000000                        . = ALIGN (0x4)
 *(.isr_vector)
 .isr_vector    0x08000000      0x1e4 ./Core/Startup/startup_stm32f103rctx.o
                0x08000000                g_pfnVectors
                0x080001e4                        . = ALIGN (0x4)

.text           0x080001f0     0x85c4
                0x080001f0                        . = ALIGN (0x4)
 *(.text)
 .text          0x080001f0       0x40 C:/ST/STM32CubeIDE_1.13.2/STM32CubeIDE/plugins/com.st.stm32cube.ide.mcu.externaltools.gnu-tools-for-stm32.12.3.rel1.win32_1.0.100.202403111256/tools/bin/../lib/gcc/arm-none-eabi/12.3.1/thumb/v7-m/nofp/crtbegin.o
 *(.text*)
 .text.App_Main
                0x08000230      0x1f4 ./Application/app.o
                0x08000230                App_Main
 .text.Task_Relay_Light
                0x08000424      0x444 ./Application/app.o
 .text.Task_UART_RX
                0x08000868       0xd8 ./Application/app.o
 .text.UART_Frame_TX
                0x08000940       0x74 ./Application/app.o
 .text.Task_UART_TX
                0x080009b4      0x1f8 ./Application/app.o
 .text.Task_TFT_Display
                0x08000bac      0x19c ./Application/app.o
 .text.Task_Relay_Humid_Fan
                0x08000d48      0x384 ./Application/app.o
 .text.Task_DHT_Get_Data
                0x080010cc       0xc8 ./Application/app.o
 .text.HAL_GPIO_EXTI_Callback
                0x08001194      0x128 ./Application/app.o
                0x08001194                HAL_GPIO_EXTI_Callback
 .text.main     0x080012bc       0x2c ./Core/Src/main.o
                0x080012bc                main
 .text.SystemClock_Config
                0x080012e8       0x80 ./Core/Src/main.o
                0x080012e8                SystemClock_Config
 .text.MX_SPI2_Init
                0x08001368       0x6c ./Core/Src/main.o
 .text.MX_TIM1_Init
                0x080013d4       0xa4 ./Core/Src/main.o
 .text.MX_TIM2_Init
                0x08001478       0x9c ./Core/Src/main.o
 .text.MX_TIM3_Init
                0x08001514       0x9c ./Core/Src/main.o
 .text.MX_USART1_UART_Init
                0x080015b0       0x54 ./Core/Src/main.o
 .text.MX_GPIO_Init
                0x08001604      0x178 ./Core/Src/main.o
 .text.HAL_TIM_PeriodElapsedCallback
                0x0800177c       0x84 ./Core/Src/main.o
                0x0800177c                HAL_TIM_PeriodElapsedCallback
 .text.Error_Handler
                0x08001800        0xc ./Core/Src/main.o
                0x08001800                Error_Handler
 .text.HAL_MspInit
                0x0800180c       0x64 ./Core/Src/stm32f1xx_hal_msp.o
                0x0800180c                HAL_MspInit
 .text.HAL_SPI_MspInit
                0x08001870       0x90 ./Core/Src/stm32f1xx_hal_msp.o
                0x08001870                HAL_SPI_MspInit
 .text.HAL_TIM_Base_MspInit
                0x08001900       0x98 ./Core/Src/stm32f1xx_hal_msp.o
                0x08001900                HAL_TIM_Base_MspInit
 .text.HAL_UART_MspInit
                0x08001998       0xa8 ./Core/Src/stm32f1xx_hal_msp.o
                0x08001998                HAL_UART_MspInit
 .text.HAL_InitTick
                0x08001a40       0xfc ./Core/Src/stm32f1xx_hal_timebase_tim.o
                0x08001a40                HAL_InitTick
 .text.NMI_Handler
                0x08001b3c        0x8 ./Core/Src/stm32f1xx_it.o
                0x08001b3c                NMI_Handler
 .text.HardFault_Handler
                0x08001b44        0x8 ./Core/Src/stm32f1xx_it.o
                0x08001b44                HardFault_Handler
 .text.MemManage_Handler
                0x08001b4c        0x8 ./Core/Src/stm32f1xx_it.o
                0x08001b4c                MemManage_Handler
 .text.BusFault_Handler
                0x08001b54        0x8 ./Core/Src/stm32f1xx_it.o
                0x08001b54                BusFault_Handler
 .text.UsageFault_Handler
                0x08001b5c        0x8 ./Core/Src/stm32f1xx_it.o
                0x08001b5c                UsageFault_Handler
 .text.DebugMon_Handler
                0x08001b64        0xc ./Core/Src/stm32f1xx_it.o
                0x08001b64                DebugMon_Handler
 .text.EXTI0_IRQHandler
                0x08001b70        0xe ./Core/Src/stm32f1xx_it.o
                0x08001b70                EXTI0_IRQHandler
 .text.EXTI1_IRQHandler
                0x08001b7e        0xe ./Core/Src/stm32f1xx_it.o
                0x08001b7e                EXTI1_IRQHandler
 .text.EXTI2_IRQHandler
                0x08001b8c        0xe ./Core/Src/stm32f1xx_it.o
                0x08001b8c                EXTI2_IRQHandler
 .text.EXTI3_IRQHandler
                0x08001b9a        0xe ./Core/Src/stm32f1xx_it.o
                0x08001b9a                EXTI3_IRQHandler
 .text.TIM1_UP_IRQHandler
                0x08001ba8       0x14 ./Core/Src/stm32f1xx_it.o
                0x08001ba8                TIM1_UP_IRQHandler
 .text.TIM4_IRQHandler
                0x08001bbc       0x14 ./Core/Src/stm32f1xx_it.o
                0x08001bbc                TIM4_IRQHandler
 .text.SPI2_IRQHandler
                0x08001bd0       0x14 ./Core/Src/stm32f1xx_it.o
                0x08001bd0                SPI2_IRQHandler
 .text.USART1_IRQHandler
                0x08001be4       0x14 ./Core/Src/stm32f1xx_it.o
                0x08001be4                USART1_IRQHandler
 .text._sbrk    0x08001bf8       0x6c ./Core/Src/sysmem.o
                0x08001bf8                _sbrk
 .text.SystemInit
                0x08001c64        0xc ./Core/Src/system_stm32f1xx.o
                0x08001c64                SystemInit
 .text.Reset_Handler
                0x08001c70       0x48 ./Core/Startup/startup_stm32f103rctx.o
                0x08001c70                Reset_Handler
 .text.Default_Handler
                0x08001cb8        0x2 ./Core/Startup/startup_stm32f103rctx.o
                0x08001cb8                RTC_Alarm_IRQHandler
                0x08001cb8                TIM8_TRG_COM_IRQHandler
                0x08001cb8                TIM8_CC_IRQHandler
                0x08001cb8                TIM1_CC_IRQHandler
                0x08001cb8                TIM6_IRQHandler
                0x08001cb8                PVD_IRQHandler
                0x08001cb8                SDIO_IRQHandler
                0x08001cb8                I2C2_EV_IRQHandler
                0x08001cb8                ADC1_2_IRQHandler
                0x08001cb8                SPI1_IRQHandler
                0x08001cb8                TAMPER_IRQHandler
                0x08001cb8                TIM8_UP_IRQHandler
                0x08001cb8                DMA2_Channel2_IRQHandler
                0x08001cb8                DMA1_Channel4_IRQHandler
                0x08001cb8                USART3_IRQHandler
                0x08001cb8                RTC_IRQHandler
                0x08001cb8                DMA1_Channel7_IRQHandler
                0x08001cb8                CAN1_RX1_IRQHandler
                0x08001cb8                UART5_IRQHandler
                0x08001cb8                ADC3_IRQHandler
                0x08001cb8                DMA2_Channel1_IRQHandler
                0x08001cb8                I2C1_EV_IRQHandler
                0x08001cb8                DMA1_Channel6_IRQHandler
                0x08001cb8                UART4_IRQHandler
                0x08001cb8                TIM3_IRQHandler
                0x08001cb8                RCC_IRQHandler
                0x08001cb8                TIM1_TRG_COM_IRQHandler
                0x08001cb8                DMA1_Channel1_IRQHandler
                0x08001cb8                Default_Handler
                0x08001cb8                EXTI15_10_IRQHandler
                0x08001cb8                TIM7_IRQHandler
                0x08001cb8                TIM5_IRQHandler
                0x08001cb8                EXTI9_5_IRQHandler
                0x08001cb8                DMA1_Channel5_IRQHandler
                0x08001cb8                EXTI4_IRQHandler
                0x08001cb8                USB_LP_CAN1_RX0_IRQHandler
                0x08001cb8                USB_HP_CAN1_TX_IRQHandler
                0x08001cb8                DMA1_Channel3_IRQHandler
                0x08001cb8                FSMC_IRQHandler
                0x08001cb8                WWDG_IRQHandler
                0x08001cb8                TIM2_IRQHandler
                0x08001cb8                TIM1_BRK_IRQHandler
                0x08001cb8                DMA2_Channel4_5_IRQHandler
                0x08001cb8                USART2_IRQHandler
                0x08001cb8                I2C2_ER_IRQHandler
                0x08001cb8                DMA1_Channel2_IRQHandler
                0x08001cb8                TIM8_BRK_IRQHandler
                0x08001cb8                CAN1_SCE_IRQHandler
                0x08001cb8                FLASH_IRQHandler
                0x08001cb8                SPI3_IRQHandler
                0x08001cb8                I2C1_ER_IRQHandler
                0x08001cb8                USBWakeUp_IRQHandler
                0x08001cb8                DMA2_Channel3_IRQHandler
 *fill*         0x08001cba        0x2 
 .text.HAL_Init
                0x08001cbc       0x2c ./Drivers/STM32F1xx_HAL_Driver/Src/stm32f1xx_hal.o
                0x08001cbc                HAL_Init
 .text.HAL_IncTick
                0x08001ce8       0x24 ./Drivers/STM32F1xx_HAL_Driver/Src/stm32f1xx_hal.o
                0x08001ce8                HAL_IncTick
 .text.HAL_GetTick
                0x08001d0c       0x14 ./Drivers/STM32F1xx_HAL_Driver/Src/stm32f1xx_hal.o
                0x08001d0c                HAL_GetTick
 .text.__NVIC_SetPriorityGrouping
                0x08001d20       0x48 ./Drivers/STM32F1xx_HAL_Driver/Src/stm32f1xx_hal_cortex.o
 .text.__NVIC_GetPriorityGrouping
                0x08001d68       0x1c ./Drivers/STM32F1xx_HAL_Driver/Src/stm32f1xx_hal_cortex.o
 .text.__NVIC_EnableIRQ
                0x08001d84       0x38 ./Drivers/STM32F1xx_HAL_Driver/Src/stm32f1xx_hal_cortex.o
 .text.__NVIC_SetPriority
                0x08001dbc       0x54 ./Drivers/STM32F1xx_HAL_Driver/Src/stm32f1xx_hal_cortex.o
 .text.NVIC_EncodePriority
                0x08001e10       0x64 ./Drivers/STM32F1xx_HAL_Driver/Src/stm32f1xx_hal_cortex.o
 .text.HAL_NVIC_SetPriorityGrouping
                0x08001e74       0x16 ./Drivers/STM32F1xx_HAL_Driver/Src/stm32f1xx_hal_cortex.o
                0x08001e74                HAL_NVIC_SetPriorityGrouping
 .text.HAL_NVIC_SetPriority
                0x08001e8a       0x38 ./Drivers/STM32F1xx_HAL_Driver/Src/stm32f1xx_hal_cortex.o
                0x08001e8a                HAL_NVIC_SetPriority
 .text.HAL_NVIC_EnableIRQ
                0x08001ec2       0x1c ./Drivers/STM32F1xx_HAL_Driver/Src/stm32f1xx_hal_cortex.o
                0x08001ec2                HAL_NVIC_EnableIRQ
 .text.HAL_DMA_Abort
                0x08001ede       0x76 ./Drivers/STM32F1xx_HAL_Driver/Src/stm32f1xx_hal_dma.o
                0x08001ede                HAL_DMA_Abort
 .text.HAL_DMA_Abort_IT
                0x08001f54      0x210 ./Drivers/STM32F1xx_HAL_Driver/Src/stm32f1xx_hal_dma.o
                0x08001f54                HAL_DMA_Abort_IT
 .text.HAL_GPIO_Init
                0x08002164      0x328 ./Drivers/STM32F1xx_HAL_Driver/Src/stm32f1xx_hal_gpio.o
                0x08002164                HAL_GPIO_Init
 .text.HAL_GPIO_ReadPin
                0x0800248c       0x2e ./Drivers/STM32F1xx_HAL_Driver/Src/stm32f1xx_hal_gpio.o
                0x0800248c                HAL_GPIO_ReadPin
 .text.HAL_GPIO_WritePin
                0x080024ba       0x30 ./Drivers/STM32F1xx_HAL_Driver/Src/stm32f1xx_hal_gpio.o
                0x080024ba                HAL_GPIO_WritePin
 *fill*         0x080024ea        0x2 
 .text.HAL_GPIO_EXTI_IRQHandler
                0x080024ec       0x30 ./Drivers/STM32F1xx_HAL_Driver/Src/stm32f1xx_hal_gpio.o
                0x080024ec                HAL_GPIO_EXTI_IRQHandler
 .text.HAL_RCC_OscConfig
                0x0800251c      0x504 ./Drivers/STM32F1xx_HAL_Driver/Src/stm32f1xx_hal_rcc.o
                0x0800251c                HAL_RCC_OscConfig
 .text.HAL_RCC_ClockConfig
                0x08002a20      0x1d4 ./Drivers/STM32F1xx_HAL_Driver/Src/stm32f1xx_hal_rcc.o
                0x08002a20                HAL_RCC_ClockConfig
 .text.HAL_RCC_GetSysClockFreq
                0x08002bf4       0xa8 ./Drivers/STM32F1xx_HAL_Driver/Src/stm32f1xx_hal_rcc.o
                0x08002bf4                HAL_RCC_GetSysClockFreq
 .text.HAL_RCC_GetHCLKFreq
                0x08002c9c       0x14 ./Drivers/STM32F1xx_HAL_Driver/Src/stm32f1xx_hal_rcc.o
                0x08002c9c                HAL_RCC_GetHCLKFreq
 .text.HAL_RCC_GetPCLK1Freq
                0x08002cb0       0x28 ./Drivers/STM32F1xx_HAL_Driver/Src/stm32f1xx_hal_rcc.o
                0x08002cb0                HAL_RCC_GetPCLK1Freq
 .text.HAL_RCC_GetPCLK2Freq
                0x08002cd8       0x28 ./Drivers/STM32F1xx_HAL_Driver/Src/stm32f1xx_hal_rcc.o
                0x08002cd8                HAL_RCC_GetPCLK2Freq
 .text.HAL_RCC_GetClockConfig
                0x08002d00       0x60 ./Drivers/STM32F1xx_HAL_Driver/Src/stm32f1xx_hal_rcc.o
                0x08002d00                HAL_RCC_GetClockConfig
 .text.RCC_Delay
                0x08002d60       0x3c ./Drivers/STM32F1xx_HAL_Driver/Src/stm32f1xx_hal_rcc.o
 .text.HAL_SPI_Init
                0x08002d9c      0x108 ./Drivers/STM32F1xx_HAL_Driver/Src/stm32f1xx_hal_spi.o
                0x08002d9c                HAL_SPI_Init
 .text.HAL_SPI_Transmit_IT
                0x08002ea4      0x114 ./Drivers/STM32F1xx_HAL_Driver/Src/stm32f1xx_hal_spi.o
                0x08002ea4                HAL_SPI_Transmit_IT
 .text.HAL_SPI_IRQHandler
                0x08002fb8      0x1bc ./Drivers/STM32F1xx_HAL_Driver/Src/stm32f1xx_hal_spi.o
                0x08002fb8                HAL_SPI_IRQHandler
 .text.HAL_SPI_ErrorCallback
                0x08003174       0x12 ./Drivers/STM32F1xx_HAL_Driver/Src/stm32f1xx_hal_spi.o
                0x08003174                HAL_SPI_ErrorCallback
 .text.SPI_DMAAbortOnError
                0x08003186       0x28 ./Drivers/STM32F1xx_HAL_Driver/Src/stm32f1xx_hal_spi.o
 .text.SPI_TxISR_8BIT
                0x080031ae       0x46 ./Drivers/STM32F1xx_HAL_Driver/Src/stm32f1xx_hal_spi.o
 .text.SPI_TxISR_16BIT
                0x080031f4       0x44 ./Drivers/STM32F1xx_HAL_Driver/Src/stm32f1xx_hal_spi.o
 .text.SPI_WaitFlagStateUntilTimeout
                0x08003238      0x110 ./Drivers/STM32F1xx_HAL_Driver/Src/stm32f1xx_hal_spi.o
 .text.SPI_EndRxTxTransaction
                0x08003348       0x3c ./Drivers/STM32F1xx_HAL_Driver/Src/stm32f1xx_hal_spi.o
 .text.SPI_CloseTx_ISR
                0x08003384       0xc4 ./Drivers/STM32F1xx_HAL_Driver/Src/stm32f1xx_hal_spi.o
 .text.HAL_TIM_Base_Init
                0x08003448       0x9e ./Drivers/STM32F1xx_HAL_Driver/Src/stm32f1xx_hal_tim.o
                0x08003448                HAL_TIM_Base_Init
 *fill*         0x080034e6        0x2 
 .text.HAL_TIM_Base_Start_IT
                0x080034e8       0xc0 ./Drivers/STM32F1xx_HAL_Driver/Src/stm32f1xx_hal_tim.o
                0x080034e8                HAL_TIM_Base_Start_IT
 .text.HAL_TIM_Base_Stop_IT
                0x080035a8       0x5c ./Drivers/STM32F1xx_HAL_Driver/Src/stm32f1xx_hal_tim.o
                0x080035a8                HAL_TIM_Base_Stop_IT
 .text.HAL_TIM_IRQHandler
                0x08003604      0x210 ./Drivers/STM32F1xx_HAL_Driver/Src/stm32f1xx_hal_tim.o
                0x08003604                HAL_TIM_IRQHandler
 .text.HAL_TIM_ConfigClockSource
                0x08003814      0x18e ./Drivers/STM32F1xx_HAL_Driver/Src/stm32f1xx_hal_tim.o
                0x08003814                HAL_TIM_ConfigClockSource
 .text.HAL_TIM_OC_DelayElapsedCallback
                0x080039a2       0x12 ./Drivers/STM32F1xx_HAL_Driver/Src/stm32f1xx_hal_tim.o
                0x080039a2                HAL_TIM_OC_DelayElapsedCallback
 .text.HAL_TIM_IC_CaptureCallback
                0x080039b4       0x12 ./Drivers/STM32F1xx_HAL_Driver/Src/stm32f1xx_hal_tim.o
                0x080039b4                HAL_TIM_IC_CaptureCallback
 .text.HAL_TIM_PWM_PulseFinishedCallback
                0x080039c6       0x12 ./Drivers/STM32F1xx_HAL_Driver/Src/stm32f1xx_hal_tim.o
                0x080039c6                HAL_TIM_PWM_PulseFinishedCallback
 .text.HAL_TIM_TriggerCallback
                0x080039d8       0x12 ./Drivers/STM32F1xx_HAL_Driver/Src/stm32f1xx_hal_tim.o
                0x080039d8                HAL_TIM_TriggerCallback
 *fill*         0x080039ea        0x2 
 .text.TIM_Base_SetConfig
                0x080039ec       0xf4 ./Drivers/STM32F1xx_HAL_Driver/Src/stm32f1xx_hal_tim.o
                0x080039ec                TIM_Base_SetConfig
 .text.TIM_TI1_ConfigInputStage
                0x08003ae0       0x5c ./Drivers/STM32F1xx_HAL_Driver/Src/stm32f1xx_hal_tim.o
 .text.TIM_TI2_ConfigInputStage
                0x08003b3c       0x5e ./Drivers/STM32F1xx_HAL_Driver/Src/stm32f1xx_hal_tim.o
 .text.TIM_ITRx_SetConfig
                0x08003b9a       0x34 ./Drivers/STM32F1xx_HAL_Driver/Src/stm32f1xx_hal_tim.o
 .text.TIM_ETR_SetConfig
                0x08003bce       0x3e ./Drivers/STM32F1xx_HAL_Driver/Src/stm32f1xx_hal_tim.o
                0x08003bce                TIM_ETR_SetConfig
 .text.HAL_TIMEx_MasterConfigSynchronization
                0x08003c0c       0xd8 ./Drivers/STM32F1xx_HAL_Driver/Src/stm32f1xx_hal_tim_ex.o
                0x08003c0c                HAL_TIMEx_MasterConfigSynchronization
 .text.HAL_TIMEx_CommutCallback
                0x08003ce4       0x12 ./Drivers/STM32F1xx_HAL_Driver/Src/stm32f1xx_hal_tim_ex.o
                0x08003ce4                HAL_TIMEx_CommutCallback
 .text.HAL_TIMEx_BreakCallback
                0x08003cf6       0x12 ./Drivers/STM32F1xx_HAL_Driver/Src/stm32f1xx_hal_tim_ex.o
                0x08003cf6                HAL_TIMEx_BreakCallback
 .text.HAL_UART_Init
                0x08003d08       0xa0 ./Drivers/STM32F1xx_HAL_Driver/Src/stm32f1xx_hal_uart.o
                0x08003d08                HAL_UART_Init
 .text.HAL_UART_Transmit_IT
                0x08003da8       0x6a ./Drivers/STM32F1xx_HAL_Driver/Src/stm32f1xx_hal_uart.o
                0x08003da8                HAL_UART_Transmit_IT
 .text.HAL_UART_Receive_IT
                0x08003e12       0x4a ./Drivers/STM32F1xx_HAL_Driver/Src/stm32f1xx_hal_uart.o
                0x08003e12                HAL_UART_Receive_IT
 .text.HAL_UART_IRQHandler
                0x08003e5c      0x524 ./Drivers/STM32F1xx_HAL_Driver/Src/stm32f1xx_hal_uart.o
                0x08003e5c                HAL_UART_IRQHandler
 .text.HAL_UART_ErrorCallback
                0x08004380       0x12 ./Drivers/STM32F1xx_HAL_Driver/Src/stm32f1xx_hal_uart.o
                0x08004380                HAL_UART_ErrorCallback
 .text.HAL_UARTEx_RxEventCallback
                0x08004392       0x16 ./Drivers/STM32F1xx_HAL_Driver/Src/stm32f1xx_hal_uart.o
                0x08004392                HAL_UARTEx_RxEventCallback
 .text.UART_Start_Receive_IT
                0x080043a8       0x72 ./Drivers/STM32F1xx_HAL_Driver/Src/stm32f1xx_hal_uart.o
                0x080043a8                UART_Start_Receive_IT
 .text.UART_EndRxTransfer
                0x0800441a       0xc4 ./Drivers/STM32F1xx_HAL_Driver/Src/stm32f1xx_hal_uart.o
 .text.UART_DMAAbortOnError
                0x080044de       0x28 ./Drivers/STM32F1xx_HAL_Driver/Src/stm32f1xx_hal_uart.o
 .text.UART_Transmit_IT
                0x08004506       0x9e ./Drivers/STM32F1xx_HAL_Driver/Src/stm32f1xx_hal_uart.o
 .text.UART_EndTransmit_IT
                0x080045a4       0x30 ./Drivers/STM32F1xx_HAL_Driver/Src/stm32f1xx_hal_uart.o
 .text.UART_Receive_IT
                0x080045d4      0x17c ./Drivers/STM32F1xx_HAL_Driver/Src/stm32f1xx_hal_uart.o
 .text.UART_SetConfig
                0x08004750      0x11c ./Drivers/STM32F1xx_HAL_Driver/Src/stm32f1xx_hal_uart.o
 .text.vListInitialise
                0x0800486c       0x3e ./FreeRTOS/list.o
                0x0800486c                vListInitialise
 .text.vListInitialiseItem
                0x080048aa       0x18 ./FreeRTOS/list.o
                0x080048aa                vListInitialiseItem
 .text.vListInsert
                0x080048c2       0x70 ./FreeRTOS/list.o
                0x080048c2                vListInsert
 .text.uxListRemove
                0x08004932       0x52 ./FreeRTOS/list.o
                0x08004932                uxListRemove
 .text.xQueueGenericReset
                0x08004984       0xe8 ./FreeRTOS/queue.o
                0x08004984                xQueueGenericReset
 .text.xQueueGenericCreate
                0x08004a6c       0x7e ./FreeRTOS/queue.o
                0x08004a6c                xQueueGenericCreate
 .text.prvInitialiseNewQueue
                0x08004aea       0x3e ./FreeRTOS/queue.o
 .text.xQueueGenericSend
                0x08004b28      0x154 ./FreeRTOS/queue.o
                0x08004b28                xQueueGenericSend
 .text.xQueueGenericSendFromISR
                0x08004c7c       0xca ./FreeRTOS/queue.o
                0x08004c7c                xQueueGenericSendFromISR
 *fill*         0x08004d46        0x2 
 .text.xQueueReceive
                0x08004d48      0x144 ./FreeRTOS/queue.o
                0x08004d48                xQueueReceive
 .text.xQueuePeek
                0x08004e8c      0x148 ./FreeRTOS/queue.o
                0x08004e8c                xQueuePeek
 .text.prvCopyDataToQueue
                0x08004fd4       0xd4 ./FreeRTOS/queue.o
 .text.prvCopyDataFromQueue
                0x080050a8       0x4c ./FreeRTOS/queue.o
 .text.prvUnlockQueue
                0x080050f4       0xa4 ./FreeRTOS/queue.o
 .text.prvIsQueueEmpty
                0x08005198       0x2c ./FreeRTOS/queue.o
 .text.prvIsQueueFull
                0x080051c4       0x30 ./FreeRTOS/queue.o
 .text.prvCreateTask
                0x080051f4       0x7a ./FreeRTOS/tasks.o
 .text.xTaskCreate
                0x0800526e       0x48 ./FreeRTOS/tasks.o
                0x0800526e                xTaskCreate
 .text.prvInitialiseNewTask
                0x080052b6       0xd0 ./FreeRTOS/tasks.o
 *fill*         0x08005386        0x2 
 .text.prvAddNewTaskToReadyList
                0x08005388      0x124 ./FreeRTOS/tasks.o
 .text.vTaskDelay
                0x080054ac       0x48 ./FreeRTOS/tasks.o
                0x080054ac                vTaskDelay
 .text.prvCreateIdleTasks
                0x080054f4       0x94 ./FreeRTOS/tasks.o
 .text.vTaskStartScheduler
                0x08005588       0x5c ./FreeRTOS/tasks.o
                0x08005588                vTaskStartScheduler
 .text.vTaskSuspendAll
                0x080055e4       0x1c ./FreeRTOS/tasks.o
                0x080055e4                vTaskSuspendAll
 .text.xTaskResumeAll
                0x08005600      0x1ec ./FreeRTOS/tasks.o
                0x08005600                xTaskResumeAll
 .text.uxTaskGetNumberOfTasks
                0x080057ec       0x14 ./FreeRTOS/tasks.o
                0x080057ec                uxTaskGetNumberOfTasks
 .text.xTaskIncrementTick
                0x08005800      0x20c ./FreeRTOS/tasks.o
                0x08005800                xTaskIncrementTick
 .text.vTaskSwitchContext
                0x08005a0c       0x8c ./FreeRTOS/tasks.o
                0x08005a0c                vTaskSwitchContext
 .text.vTaskPlaceOnEventList
                0x08005a98       0x2c ./FreeRTOS/tasks.o
                0x08005a98                vTaskPlaceOnEventList
 .text.xTaskRemoveFromEventList
                0x08005ac4      0x190 ./FreeRTOS/tasks.o
                0x08005ac4                xTaskRemoveFromEventList
 .text.vTaskInternalSetTimeOutState
                0x08005c54       0x2c ./FreeRTOS/tasks.o
                0x08005c54                vTaskInternalSetTimeOutState
 .text.xTaskCheckForTimeOut
                0x08005c80       0x94 ./FreeRTOS/tasks.o
                0x08005c80                xTaskCheckForTimeOut
 .text.vTaskMissedYield
                0x08005d14       0x18 ./FreeRTOS/tasks.o
                0x08005d14                vTaskMissedYield
 .text.prvIdleTask
                0x08005d2c       0x30 ./FreeRTOS/tasks.o
 .text.prvInitialiseTaskLists
                0x08005d5c       0x80 ./FreeRTOS/tasks.o
 .text.prvCheckTasksWaitingTermination
                0x08005ddc       0x5c ./FreeRTOS/tasks.o
 .text.prvDeleteTCB
                0x08005e38       0x20 ./FreeRTOS/tasks.o
 .text.prvResetNextTaskUnblockTime
                0x08005e58       0x34 ./FreeRTOS/tasks.o
 .text.xTaskPriorityDisinherit
                0x08005e8c      0x104 ./FreeRTOS/tasks.o
                0x08005e8c                xTaskPriorityDisinherit
 .text.ulTaskGenericNotifyTake
                0x08005f90       0xd8 ./FreeRTOS/tasks.o
                0x08005f90                ulTaskGenericNotifyTake
 .text.xTaskGenericNotify
                0x08006068      0x1d0 ./FreeRTOS/tasks.o
                0x08006068                xTaskGenericNotify
 .text.vTaskGenericNotifyGiveFromISR
                0x08006238      0x1b8 ./FreeRTOS/tasks.o
                0x08006238                vTaskGenericNotifyGiveFromISR
 .text.prvAddCurrentTaskToDelayedList
                0x080063f0      0x104 ./FreeRTOS/tasks.o
 .text.pxPortInitialiseStack
                0x080064f4       0x58 ./FreeRTOS/portable/GCC/ARM_CM3/port.o
                0x080064f4                pxPortInitialiseStack
 .text.prvTaskExitError
                0x0800654c       0x32 ./FreeRTOS/portable/GCC/ARM_CM3/port.o
 *fill*         0x0800657e        0x2 
 .text.vPortSVCHandler
                0x08006580       0x28 ./FreeRTOS/portable/GCC/ARM_CM3/port.o
                0x08006580                vPortSVCHandler
 .text.prvPortStartFirstTask
                0x080065a8       0x24 ./FreeRTOS/portable/GCC/ARM_CM3/port.o
 .text.xPortStartScheduler
                0x080065cc       0x5c ./FreeRTOS/portable/GCC/ARM_CM3/port.o
                0x080065cc                xPortStartScheduler
 .text.vPortEnterCritical
                0x08006628       0x34 ./FreeRTOS/portable/GCC/ARM_CM3/port.o
                0x08006628                vPortEnterCritical
 .text.vPortExitCritical
                0x0800665c       0x34 ./FreeRTOS/portable/GCC/ARM_CM3/port.o
                0x0800665c                vPortExitCritical
 .text.xPortPendSVHandler
                0x08006690       0x48 ./FreeRTOS/portable/GCC/ARM_CM3/port.o
                0x08006690                xPortPendSVHandler
 .text.xPortSysTickHandler
                0x080066d8       0x44 ./FreeRTOS/portable/GCC/ARM_CM3/port.o
                0x080066d8                xPortSysTickHandler
 .text.vPortSetupTimerInterrupt
                0x0800671c       0x34 ./FreeRTOS/portable/GCC/ARM_CM3/port.o
                0x0800671c                vPortSetupTimerInterrupt
 .text.pvPortMalloc
                0x08006750      0x15c ./FreeRTOS/portable/heap_4.o
                0x08006750                pvPortMalloc
 .text.vPortFree
                0x080068ac       0x7c ./FreeRTOS/portable/heap_4.o
                0x080068ac                vPortFree
 .text.prvHeapInit
                0x08006928       0xb4 ./FreeRTOS/portable/heap_4.o
 .text.prvInsertBlockIntoFreeList
                0x080069dc       0xb0 ./FreeRTOS/portable/heap_4.o
 .text.Delay_Init
                0x08006a8c       0x28 ./Lib/delay/delay.o
                0x08006a8c                Delay_Init
 .text.delay_us
                0x08006ab4       0x7c ./Lib/delay/delay.o
                0x08006ab4                delay_us
 .text.delay_ms
                0x08006b30       0x7c ./Lib/delay/delay.o
                0x08006b30                delay_ms
 .text.capture_bit_0_1_for
                0x08006bac      0x168 ./Lib/dht_11/dht_11.o
 .text.DHT_Init
                0x08006d14       0x44 ./Lib/dht_11/dht_11.o
                0x08006d14                DHT_Init
 .text.dht_get_data
                0x08006d58      0x194 ./Lib/dht_11/dht_11.o
                0x08006d58                dht_get_data
 .text.LM393_Init
                0x08006eec       0x28 ./Lib/lm_393/lm_393.o
                0x08006eec                LM393_Init
 .text.lm393_get_data
                0x08006f14       0x28 ./Lib/lm_393/lm_393.o
                0x08006f14                lm393_get_data
 .text.PIR_AM312_Init
                0x08006f3c       0x28 ./Lib/pir_am312/pir_am312.o
                0x08006f3c                PIR_AM312_Init
 .text.pir_am312_get_data
                0x08006f64       0x20 ./Lib/pir_am312/pir_am312.o
                0x08006f64                pir_am312_get_data
 .text.ILI9341_ConfigPrint
                0x08006f84       0x48 ./Lib/tft_ili9341/ILI9341_GFX.o
                0x08006f84                ILI9341_ConfigPrint
 .text.ILI9341_PrintChar
                0x08006fcc      0x110 ./Lib/tft_ili9341/ILI9341_GFX.o
                0x08006fcc                ILI9341_PrintChar
 .text.ILI9341_PrintBuffer
                0x080070dc       0x9c ./Lib/tft_ili9341/ILI9341_GFX.o
                0x080070dc                ILI9341_PrintBuffer
 .text.ILI9341_Print
                0x08007178      0x408 ./Lib/tft_ili9341/ILI9341_GFX.o
                0x08007178                ILI9341_Print
 .text.HAL_SPI_TxCpltCallback
                0x08007580       0x3c ./Lib/tft_ili9341/ILI9341_STM32_Driver.o
                0x08007580                HAL_SPI_TxCpltCallback
 .text.ILI9341_SPI_Tx
                0x080075bc       0x34 ./Lib/tft_ili9341/ILI9341_STM32_Driver.o
 .text.ILI9341_SPI_TxBuffer
                0x080075f0       0x34 ./Lib/tft_ili9341/ILI9341_STM32_Driver.o
 .text.ILI9341_WriteCommand
                0x08007624       0x34 ./Lib/tft_ili9341/ILI9341_STM32_Driver.o
                0x08007624                ILI9341_WriteCommand
 .text.ILI9341_WriteData
                0x08007658       0x34 ./Lib/tft_ili9341/ILI9341_STM32_Driver.o
                0x08007658                ILI9341_WriteData
 .text.ILI9341_WriteBuffer
                0x0800768c       0x38 ./Lib/tft_ili9341/ILI9341_STM32_Driver.o
                0x0800768c                ILI9341_WriteBuffer
 .text.ILI9341_SetAddress
                0x080076c4       0x90 ./Lib/tft_ili9341/ILI9341_STM32_Driver.o
                0x080076c4                ILI9341_SetAddress
 .text.ILI9341_Reset
                0x08007754       0x44 ./Lib/tft_ili9341/ILI9341_STM32_Driver.o
                0x08007754                ILI9341_Reset
 .text.ILI9341_Enable
                0x08007798       0x18 ./Lib/tft_ili9341/ILI9341_STM32_Driver.o
                0x08007798                ILI9341_Enable
 .text.ILI9341_Init
                0x080077b0      0x214 ./Lib/tft_ili9341/ILI9341_STM32_Driver.o
                0x080077b0                ILI9341_Init
 .text.ILI9341_SetRotation
                0x080079c4       0xa0 ./Lib/tft_ili9341/ILI9341_STM32_Driver.o
                0x080079c4                ILI9341_SetRotation
 .text.ILI9341_DrawColorBurst
                0x08007a64      0x134 ./Lib/tft_ili9341/ILI9341_STM32_Driver.o
                0x08007a64                ILI9341_DrawColorBurst
 .text.ILI9341_FillScreen
                0x08007b98       0x4c ./Lib/tft_ili9341/ILI9341_STM32_Driver.o
                0x08007b98                ILI9341_FillScreen
 .text.ILI9341_DrawPixel
                0x08007be4       0xcc ./Lib/tft_ili9341/ILI9341_STM32_Driver.o
                0x08007be4                ILI9341_DrawPixel
 .text.ILI9341_DrawRectangle
                0x08007cb0       0xb8 ./Lib/tft_ili9341/ILI9341_STM32_Driver.o
                0x08007cb0                ILI9341_DrawRectangle
 .text.ILI9341_Set_Window
                0x08007d68       0xa8 ./Lib/tft_ili9341/ILI9341_STM32_Driver.o
 .text.ILI9341_Draw_LVGL
                0x08007e10       0x60 ./Lib/tft_ili9341/ILI9341_STM32_Driver.o
                0x08007e10                ILI9341_Draw_LVGL
 .text.is_buffer_full
                0x08007e70       0x40 ./Lib/uart_test/uartstdio.o
 .text.is_buffer_empty
                0x08007eb0       0x2e ./Lib/uart_test/uartstdio.o
 *fill*         0x08007ede        0x2 
 .text.UART_prime_transmit
                0x08007ee0       0x6c ./Lib/uart_test/uartstdio.o
 .text.HAL_UART_TxCpltCallback
                0x08007f4c       0x90 ./Lib/uart_test/uartstdio.o
                0x08007f4c                HAL_UART_TxCpltCallback
 .text.HAL_UART_RxCpltCallback
                0x08007fdc       0xac ./Lib/uart_test/uartstdio.o
                0x08007fdc                HAL_UART_RxCpltCallback
 .text.UART_Config
                0x08008088       0x68 ./Lib/uart_test/uartstdio.o
                0x08008088                UART_Config
 .text.UART_write
                0x080080f0       0xb0 ./Lib/uart_test/uartstdio.o
                0x080080f0                UART_write
 .text.UART_printf
                0x080081a0      0x3ec ./Lib/uart_test/uartstdio.o
                0x080081a0                UART_printf
 .text.malloc   0x0800858c       0x10 C:/ST/STM32CubeIDE_1.13.2/STM32CubeIDE/plugins/com.st.stm32cube.ide.mcu.externaltools.gnu-tools-for-stm32.12.3.rel1.win32_1.0.100.202403111256/tools/bin/../lib/gcc/arm-none-eabi/12.3.1/../../../../arm-none-eabi/lib/thumb/v7-m/nofp\libc_nano.a(libc_a-malloc.o)
                0x0800858c                malloc
 .text.sbrk_aligned
                0x0800859c       0x44 C:/ST/STM32CubeIDE_1.13.2/STM32CubeIDE/plugins/com.st.stm32cube.ide.mcu.externaltools.gnu-tools-for-stm32.12.3.rel1.win32_1.0.100.202403111256/tools/bin/../lib/gcc/arm-none-eabi/12.3.1/../../../../arm-none-eabi/lib/thumb/v7-m/nofp\libc_nano.a(libc_a-mallocr.o)
 .text._malloc_r
                0x080085e0      0x100 C:/ST/STM32CubeIDE_1.13.2/STM32CubeIDE/plugins/com.st.stm32cube.ide.mcu.externaltools.gnu-tools-for-stm32.12.3.rel1.win32_1.0.100.202403111256/tools/bin/../lib/gcc/arm-none-eabi/12.3.1/../../../../arm-none-eabi/lib/thumb/v7-m/nofp\libc_nano.a(libc_a-mallocr.o)
                0x080085e0                _malloc_r
 .text.__malloc_lock
                0x080086e0        0xc C:/ST/STM32CubeIDE_1.13.2/STM32CubeIDE/plugins/com.st.stm32cube.ide.mcu.externaltools.gnu-tools-for-stm32.12.3.rel1.win32_1.0.100.202403111256/tools/bin/../lib/gcc/arm-none-eabi/12.3.1/../../../../arm-none-eabi/lib/thumb/v7-m/nofp\libc_nano.a(libc_a-mlock.o)
                0x080086e0                __malloc_lock
 .text.__malloc_unlock
                0x080086ec        0xc C:/ST/STM32CubeIDE_1.13.2/STM32CubeIDE/plugins/com.st.stm32cube.ide.mcu.externaltools.gnu-tools-for-stm32.12.3.rel1.win32_1.0.100.202403111256/tools/bin/../lib/gcc/arm-none-eabi/12.3.1/../../../../arm-none-eabi/lib/thumb/v7-m/nofp\libc_nano.a(libc_a-mlock.o)
                0x080086ec                __malloc_unlock
 .text.memset   0x080086f8       0x10 C:/ST/STM32CubeIDE_1.13.2/STM32CubeIDE/plugins/com.st.stm32cube.ide.mcu.externaltools.gnu-tools-for-stm32.12.3.rel1.win32_1.0.100.202403111256/tools/bin/../lib/gcc/arm-none-eabi/12.3.1/../../../../arm-none-eabi/lib/thumb/v7-m/nofp\libc_nano.a(libc_a-memset.o)
                0x080086f8                memset
 .text._sbrk_r  0x08008708       0x20 C:/ST/STM32CubeIDE_1.13.2/STM32CubeIDE/plugins/com.st.stm32cube.ide.mcu.externaltools.gnu-tools-for-stm32.12.3.rel1.win32_1.0.100.202403111256/tools/bin/../lib/gcc/arm-none-eabi/12.3.1/../../../../arm-none-eabi/lib/thumb/v7-m/nofp\libc_nano.a(libc_a-sbrkr.o)
                0x08008708                _sbrk_r
 .text.__errno  0x08008728        0xc C:/ST/STM32CubeIDE_1.13.2/STM32CubeIDE/plugins/com.st.stm32cube.ide.mcu.externaltools.gnu-tools-for-stm32.12.3.rel1.win32_1.0.100.202403111256/tools/bin/../lib/gcc/arm-none-eabi/12.3.1/../../../../arm-none-eabi/lib/thumb/v7-m/nofp\libc_nano.a(libc_a-errno.o)
                0x08008728                __errno
 .text.__libc_init_array
                0x08008734       0x48 C:/ST/STM32CubeIDE_1.13.2/STM32CubeIDE/plugins/com.st.stm32cube.ide.mcu.externaltools.gnu-tools-for-stm32.12.3.rel1.win32_1.0.100.202403111256/tools/bin/../lib/gcc/arm-none-eabi/12.3.1/../../../../arm-none-eabi/lib/thumb/v7-m/nofp\libc_nano.a(libc_a-init.o)
                0x08008734                __libc_init_array
 .text.__retarget_lock_acquire_recursive
                0x0800877c        0x2 C:/ST/STM32CubeIDE_1.13.2/STM32CubeIDE/plugins/com.st.stm32cube.ide.mcu.externaltools.gnu-tools-for-stm32.12.3.rel1.win32_1.0.100.202403111256/tools/bin/../lib/gcc/arm-none-eabi/12.3.1/../../../../arm-none-eabi/lib/thumb/v7-m/nofp\libc_nano.a(libc_a-lock.o)
                0x0800877c                __retarget_lock_acquire_recursive
 .text.__retarget_lock_release_recursive
                0x0800877e        0x2 C:/ST/STM32CubeIDE_1.13.2/STM32CubeIDE/plugins/com.st.stm32cube.ide.mcu.externaltools.gnu-tools-for-stm32.12.3.rel1.win32_1.0.100.202403111256/tools/bin/../lib/gcc/arm-none-eabi/12.3.1/../../../../arm-none-eabi/lib/thumb/v7-m/nofp\libc_nano.a(libc_a-lock.o)
                0x0800877e                __retarget_lock_release_recursive
 .text.memcpy   0x08008780       0x1c C:/ST/STM32CubeIDE_1.13.2/STM32CubeIDE/plugins/com.st.stm32cube.ide.mcu.externaltools.gnu-tools-for-stm32.12.3.rel1.win32_1.0.100.202403111256/tools/bin/../lib/gcc/arm-none-eabi/12.3.1/../../../../arm-none-eabi/lib/thumb/v7-m/nofp\libc_nano.a(libc_a-memcpy-stub.o)
                0x08008780                memcpy
 *(.glue_7)
 .glue_7        0x0800879c        0x0 linker stubs
 *(.glue_7t)
 .glue_7t       0x0800879c        0x0 linker stubs
 *(.eh_frame)
 .eh_frame      0x0800879c        0x0 C:/ST/STM32CubeIDE_1.13.2/STM32CubeIDE/plugins/com.st.stm32cube.ide.mcu.externaltools.gnu-tools-for-stm32.12.3.rel1.win32_1.0.100.202403111256/tools/bin/../lib/gcc/arm-none-eabi/12.3.1/thumb/v7-m/nofp/crtbegin.o
 *(.init)
 .init          0x0800879c        0x4 C:/ST/STM32CubeIDE_1.13.2/STM32CubeIDE/plugins/com.st.stm32cube.ide.mcu.externaltools.gnu-tools-for-stm32.12.3.rel1.win32_1.0.100.202403111256/tools/bin/../lib/gcc/arm-none-eabi/12.3.1/thumb/v7-m/nofp/crti.o
                0x0800879c                _init
 .init          0x080087a0        0x8 C:/ST/STM32CubeIDE_1.13.2/STM32CubeIDE/plugins/com.st.stm32cube.ide.mcu.externaltools.gnu-tools-for-stm32.12.3.rel1.win32_1.0.100.202403111256/tools/bin/../lib/gcc/arm-none-eabi/12.3.1/thumb/v7-m/nofp/crtn.o
 *(.fini)
 .fini          0x080087a8        0x4 C:/ST/STM32CubeIDE_1.13.2/STM32CubeIDE/plugins/com.st.stm32cube.ide.mcu.externaltools.gnu-tools-for-stm32.12.3.rel1.win32_1.0.100.202403111256/tools/bin/../lib/gcc/arm-none-eabi/12.3.1/thumb/v7-m/nofp/crti.o
                0x080087a8                _fini
 .fini          0x080087ac        0x8 C:/ST/STM32CubeIDE_1.13.2/STM32CubeIDE/plugins/com.st.stm32cube.ide.mcu.externaltools.gnu-tools-for-stm32.12.3.rel1.win32_1.0.100.202403111256/tools/bin/../lib/gcc/arm-none-eabi/12.3.1/thumb/v7-m/nofp/crtn.o
                0x080087b4                        . = ALIGN (0x4)
                0x080087b4                        _etext = .

.vfp11_veneer   0x080087b4        0x0
 .vfp11_veneer  0x080087b4        0x0 linker stubs

.v4_bx          0x080087b4        0x0
 .v4_bx         0x080087b4        0x0 linker stubs

.iplt           0x080087b4        0x0
 .iplt          0x080087b4        0x0 C:/ST/STM32CubeIDE_1.13.2/STM32CubeIDE/plugins/com.st.stm32cube.ide.mcu.externaltools.gnu-tools-for-stm32.12.3.rel1.win32_1.0.100.202403111256/tools/bin/../lib/gcc/arm-none-eabi/12.3.1/thumb/v7-m/nofp/crtbegin.o

.rodata         0x080087b4     0x5a88
                0x080087b4                        . = ALIGN (0x4)
 *(.rodata)
 .rodata        0x080087b4       0xce ./Application/app.o
 *fill*         0x08008882        0x2 
 .rodata        0x08008884        0x5 ./FreeRTOS/tasks.o
 *fill*         0x08008889        0x3 
 .rodata        0x0800888c       0x1e ./Lib/tft_ili9341/ILI9341_GFX.o
 *fill*         0x080088aa        0x2 
 .rodata        0x080088ac       0x1e ./Lib/uart_test/uartstdio.o
 *(.rodata*)
 *fill*         0x080088ca        0x2 
 .rodata.AHBPrescTable
                0x080088cc       0x10 ./Core/Src/system_stm32f1xx.o
                0x080088cc                AHBPrescTable
 .rodata.APBPrescTable
                0x080088dc        0x8 ./Core/Src/system_stm32f1xx.o
                0x080088dc                APBPrescTable
 .rodata.aPLLMULFactorTable.1
                0x080088e4       0x10 ./Drivers/STM32F1xx_HAL_Driver/Src/stm32f1xx_hal_rcc.o
 .rodata.aPredivFactorTable.0
                0x080088f4        0x2 ./Drivers/STM32F1xx_HAL_Driver/Src/stm32f1xx_hal_rcc.o
 *fill*         0x080088f6        0x2 
 .rodata.Arial_Narrow15x19
                0x080088f8     0x1144 ./Lib/tft_ili9341/fonts.o
                0x080088f8                Arial_Narrow15x19
 .rodata.temp_icon
                0x08009a3c     0x1200 ./Lib/tft_ili9341/fonts.o
                0x08009a3c                temp_icon
 .rodata.humid_icon
                0x0800ac3c     0x1200 ./Lib/tft_ili9341/fonts.o
                0x0800ac3c                humid_icon
 .rodata.yes_people
                0x0800be3c     0x1200 ./Lib/tft_ili9341/fonts.o
                0x0800be3c                yes_people
 .rodata.sun_icon
                0x0800d03c     0x1200 ./Lib/tft_ili9341/fonts.o
                0x0800d03c                sun_icon
                0x0800e23c                        . = ALIGN (0x4)

.ARM.extab      0x0800e23c        0x0
                0x0800e23c                        . = ALIGN (0x4)
 *(.ARM.extab* .gnu.linkonce.armextab.*)
                0x0800e23c                        . = ALIGN (0x4)

.ARM            0x0800e23c        0x0
                0x0800e23c                        . = ALIGN (0x4)
                0x0800e23c                        __exidx_start = .
 *(.ARM.exidx*)
                0x0800e23c                        __exidx_end = .
                0x0800e23c                        . = ALIGN (0x4)

.preinit_array  0x0800e23c        0x0
                0x0800e23c                        . = ALIGN (0x4)
                0x0800e23c                        PROVIDE (__preinit_array_start = .)
 *(.preinit_array*)
                0x0800e23c                        PROVIDE (__preinit_array_end = .)
                0x0800e23c                        . = ALIGN (0x4)

.init_array     0x0800e23c        0x4
                0x0800e23c                        . = ALIGN (0x4)
                0x0800e23c                        PROVIDE (__init_array_start = .)
 *(SORT_BY_NAME(.init_array.*))
 *(.init_array*)
 .init_array    0x0800e23c        0x4 C:/ST/STM32CubeIDE_1.13.2/STM32CubeIDE/plugins/com.st.stm32cube.ide.mcu.externaltools.gnu-tools-for-stm32.12.3.rel1.win32_1.0.100.202403111256/tools/bin/../lib/gcc/arm-none-eabi/12.3.1/thumb/v7-m/nofp/crtbegin.o
                0x0800e240                        PROVIDE (__init_array_end = .)
                0x0800e240                        . = ALIGN (0x4)

.fini_array     0x0800e240        0x4
                0x0800e240                        . = ALIGN (0x4)
                [!provide]                        PROVIDE (__fini_array_start = .)
 *(SORT_BY_NAME(.fini_array.*))
 *(.fini_array*)
 .fini_array    0x0800e240        0x4 C:/ST/STM32CubeIDE_1.13.2/STM32CubeIDE/plugins/com.st.stm32cube.ide.mcu.externaltools.gnu-tools-for-stm32.12.3.rel1.win32_1.0.100.202403111256/tools/bin/../lib/gcc/arm-none-eabi/12.3.1/thumb/v7-m/nofp/crtbegin.o
                [!provide]                        PROVIDE (__fini_array_end = .)
                0x0800e244                        . = ALIGN (0x4)
                0x0800e244                        _sidata = LOADADDR (.data)

.rel.dyn        0x0800e244        0x0
 .rel.iplt      0x0800e244        0x0 C:/ST/STM32CubeIDE_1.13.2/STM32CubeIDE/plugins/com.st.stm32cube.ide.mcu.externaltools.gnu-tools-for-stm32.12.3.rel1.win32_1.0.100.202403111256/tools/bin/../lib/gcc/arm-none-eabi/12.3.1/thumb/v7-m/nofp/crtbegin.o

.data           0x20000000       0x90 load address 0x0800e244
                0x20000000                        . = ALIGN (0x4)
                0x20000000                        _sdata = .
 *(.data)
 *(.data*)
 .data.relay_light_1_state
                0x20000000        0x1 ./Application/app.o
 .data.relay_light_2_state
                0x20000001        0x1 ./Application/app.o
 .data.relay_humid_state
                0x20000002        0x1 ./Application/app.o
 .data.relay_fan_state
                0x20000003        0x1 ./Application/app.o
 .data.SystemCoreClock
                0x20000004        0x4 ./Core/Src/system_stm32f1xx.o
                0x20000004                SystemCoreClock
 .data.uwTickPrio
                0x20000008        0x4 ./Drivers/STM32F1xx_HAL_Driver/Src/stm32f1xx_hal.o
                0x20000008                uwTickPrio
 .data.uwTickFreq
                0x2000000c        0x1 ./Drivers/STM32F1xx_HAL_Driver/Src/stm32f1xx_hal.o
                0x2000000c                uwTickFreq
 *fill*         0x2000000d        0x3 
 .data.uxTopUsedPriority
                0x20000010        0x4 ./FreeRTOS/tasks.o
 .data.uxCriticalNesting
                0x20000014        0x4 ./FreeRTOS/portable/GCC/ARM_CM3/port.o
 .data.GPIO_output
                0x20000018       0x10 ./Lib/dht_11/dht_11.o
 .data.GPIO_input
                0x20000028       0x10 ./Lib/dht_11/dht_11.o
 .data.LCD_HEIGHT
                0x20000038        0x2 ./Lib/tft_ili9341/ILI9341_STM32_Driver.o
                0x20000038                LCD_HEIGHT
 .data.LCD_WIDTH
                0x2000003a        0x2 ./Lib/tft_ili9341/ILI9341_STM32_Driver.o
                0x2000003a                LCD_WIDTH
 .data.is_finished_sending
                0x2000003c        0x1 ./Lib/tft_ili9341/ILI9341_STM32_Driver.o
                0x2000003c                is_finished_sending
 *fill*         0x2000003d        0x3 
 .data._impure_ptr
                0x20000040        0x4 C:/ST/STM32CubeIDE_1.13.2/STM32CubeIDE/plugins/com.st.stm32cube.ide.mcu.externaltools.gnu-tools-for-stm32.12.3.rel1.win32_1.0.100.202403111256/tools/bin/../lib/gcc/arm-none-eabi/12.3.1/../../../../arm-none-eabi/lib/thumb/v7-m/nofp\libc_nano.a(libc_a-impure.o)
                0x20000040                _impure_ptr
 .data._impure_data
                0x20000044       0x4c C:/ST/STM32CubeIDE_1.13.2/STM32CubeIDE/plugins/com.st.stm32cube.ide.mcu.externaltools.gnu-tools-for-stm32.12.3.rel1.win32_1.0.100.202403111256/tools/bin/../lib/gcc/arm-none-eabi/12.3.1/../../../../arm-none-eabi/lib/thumb/v7-m/nofp\libc_nano.a(libc_a-impure.o)
                0x20000044                _impure_data
 *(.RamFunc)
 *(.RamFunc*)
                0x20000090                        . = ALIGN (0x4)
                0x20000090                        _edata = .

.igot.plt       0x20000090        0x0 load address 0x0800e2d4
 .igot.plt      0x20000090        0x0 C:/ST/STM32CubeIDE_1.13.2/STM32CubeIDE/plugins/com.st.stm32cube.ide.mcu.externaltools.gnu-tools-for-stm32.12.3.rel1.win32_1.0.100.202403111256/tools/bin/../lib/gcc/arm-none-eabi/12.3.1/thumb/v7-m/nofp/crtbegin.o
                0x20000090                        . = ALIGN (0x4)

.bss            0x20000090     0x4d0c load address 0x0800e2d4
                0x20000090                        _sbss = .
                0x20000090                        __bss_start__ = _sbss
 *(.bss)
 .bss           0x20000090       0x1c C:/ST/STM32CubeIDE_1.13.2/STM32CubeIDE/plugins/com.st.stm32cube.ide.mcu.externaltools.gnu-tools-for-stm32.12.3.rel1.win32_1.0.100.202403111256/tools/bin/../lib/gcc/arm-none-eabi/12.3.1/thumb/v7-m/nofp/crtbegin.o
 *(.bss*)
 .bss.relay_light_auto_state
                0x200000ac        0x1 ./Application/app.o
 *fill*         0x200000ad        0x3 
 .bss.queue_relay_light_data
                0x200000b0        0x4 ./Application/app.o
                0x200000b0                queue_relay_light_data
 .bss.queue_UART_RX_data
                0x200000b4        0x4 ./Application/app.o
                0x200000b4                queue_UART_RX_data
 .bss.queue_DHT_data
                0x200000b8        0x4 ./Application/app.o
 .bss.queue_relay_humid_fan_data
                0x200000bc        0x4 ./Application/app.o
 .bss.queue_UART_TX_state
                0x200000c0        0x4 ./Application/app.o
 .bss.queue_TFT_state
                0x200000c4        0x4 ./Application/app.o
 .bss.Task_Relay_Light_Handle
                0x200000c8        0x4 ./Application/app.o
                0x200000c8                Task_Relay_Light_Handle
 .bss.Task_UART_RX_Handle
                0x200000cc        0x4 ./Application/app.o
                0x200000cc                Task_UART_RX_Handle
 .bss.Task_UART_TX_Handle
                0x200000d0        0x4 ./Application/app.o
 .bss.Task_TFT_Display_Handle
                0x200000d4        0x4 ./Application/app.o
 .bss.Task_Relay_Humid_Fan_Handle
                0x200000d8        0x4 ./Application/app.o
 .bss.Task_DHT_Get_Data_Handle
                0x200000dc        0x4 ./Application/app.o
 .bss.hspi2     0x200000e0       0x58 ./Core/Src/main.o
                0x200000e0                hspi2
 .bss.htim1     0x20000138       0x48 ./Core/Src/main.o
                0x20000138                htim1
 .bss.htim2     0x20000180       0x48 ./Core/Src/main.o
                0x20000180                htim2
 .bss.htim3     0x200001c8       0x48 ./Core/Src/main.o
                0x200001c8                htim3
 .bss.huart1    0x20000210       0x48 ./Core/Src/main.o
                0x20000210                huart1
 .bss.htim4     0x20000258       0x48 ./Core/Src/stm32f1xx_hal_timebase_tim.o
                0x20000258                htim4
 .bss.__sbrk_heap_end
                0x200002a0        0x4 ./Core/Src/sysmem.o
 .bss.uwTick    0x200002a4        0x4 ./Drivers/STM32F1xx_HAL_Driver/Src/stm32f1xx_hal.o
                0x200002a4                uwTick
 .bss.pxCurrentTCB
                0x200002a8        0x4 ./FreeRTOS/tasks.o
                0x200002a8                pxCurrentTCB
 .bss.pxReadyTasksLists
                0x200002ac       0xa0 ./FreeRTOS/tasks.o
 .bss.xDelayedTaskList1
                0x2000034c       0x14 ./FreeRTOS/tasks.o
 .bss.xDelayedTaskList2
                0x20000360       0x14 ./FreeRTOS/tasks.o
 .bss.pxDelayedTaskList
                0x20000374        0x4 ./FreeRTOS/tasks.o
 .bss.pxOverflowDelayedTaskList
                0x20000378        0x4 ./FreeRTOS/tasks.o
 .bss.xPendingReadyList
                0x2000037c       0x14 ./FreeRTOS/tasks.o
 .bss.xTasksWaitingTermination
                0x20000390       0x14 ./FreeRTOS/tasks.o
 .bss.uxDeletedTasksWaitingCleanUp
                0x200003a4        0x4 ./FreeRTOS/tasks.o
 .bss.xSuspendedTaskList
                0x200003a8       0x14 ./FreeRTOS/tasks.o
 .bss.uxCurrentNumberOfTasks
                0x200003bc        0x4 ./FreeRTOS/tasks.o
 .bss.xTickCount
                0x200003c0        0x4 ./FreeRTOS/tasks.o
 .bss.uxTopReadyPriority
                0x200003c4        0x4 ./FreeRTOS/tasks.o
 .bss.xSchedulerRunning
                0x200003c8        0x4 ./FreeRTOS/tasks.o
 .bss.xPendedTicks
                0x200003cc        0x4 ./FreeRTOS/tasks.o
 .bss.xYieldPendings
                0x200003d0        0x4 ./FreeRTOS/tasks.o
 .bss.xNumOfOverflows
                0x200003d4        0x4 ./FreeRTOS/tasks.o
 .bss.uxTaskNumber
                0x200003d8        0x4 ./FreeRTOS/tasks.o
 .bss.xNextTaskUnblockTime
                0x200003dc        0x4 ./FreeRTOS/tasks.o
 .bss.xIdleTaskHandles
                0x200003e0        0x4 ./FreeRTOS/tasks.o
 .bss.uxSchedulerSuspended
                0x200003e4        0x4 ./FreeRTOS/tasks.o
 .bss.ucHeap    0x200003e8     0x4800 ./FreeRTOS/portable/heap_4.o
 .bss.xStart    0x20004be8        0x8 ./FreeRTOS/portable/heap_4.o
 .bss.pxEnd     0x20004bf0        0x4 ./FreeRTOS/portable/heap_4.o
 .bss.xFreeBytesRemaining
                0x20004bf4        0x4 ./FreeRTOS/portable/heap_4.o
 .bss.xMinimumEverFreeBytesRemaining
                0x20004bf8        0x4 ./FreeRTOS/portable/heap_4.o
 .bss.xNumberOfSuccessfulAllocations
                0x20004bfc        0x4 ./FreeRTOS/portable/heap_4.o
 .bss.xNumberOfSuccessfulFrees
                0x20004c00        0x4 ./FreeRTOS/portable/heap_4.o
 .bss.delay_timer_us_handle
                0x20004c04        0x4 ./Lib/delay/delay.o
                0x20004c04                delay_timer_us_handle
 .bss.delay_timer_ms_handle
                0x20004c08        0x4 ./Lib/delay/delay.o
                0x20004c08                delay_timer_ms_handle
 .bss.dht_device
                0x20004c0c        0xc ./Lib/dht_11/dht_11.o
 .bss.lm393_device
                0x20004c18        0x8 ./Lib/lm_393/lm_393.o
 .bss.pir_am312_device
                0x20004c20        0x8 ./Lib/pir_am312/pir_am312.o
 .bss.print_config
                0x20004c28       0x10 ./Lib/tft_ili9341/ILI9341_GFX.o
 .bss.uartstdio_device
                0x20004c38        0xc ./Lib/uart_test/uartstdio.o
 .bss.UART_TX_buffer
                0x20004c44        0x4 ./Lib/uart_test/uartstdio.o
 .bss.UART_TX_write_index
                0x20004c48        0x2 ./Lib/uart_test/uartstdio.o
 .bss.UART_TX_read_index
                0x20004c4a        0x2 ./Lib/uart_test/uartstdio.o
 .bss.UART_RX_write_index
                0x20004c4c        0x2 ./Lib/uart_test/uartstdio.o
 .bss.UART_RX_read_index
                0x20004c4e        0x2 ./Lib/uart_test/uartstdio.o
 .bss.RX_irq_char
                0x20004c50        0x1 ./Lib/uart_test/uartstdio.o
 *fill*         0x20004c51        0x3 
 .bss.__malloc_sbrk_start
                0x20004c54        0x4 C:/ST/STM32CubeIDE_1.13.2/STM32CubeIDE/plugins/com.st.stm32cube.ide.mcu.externaltools.gnu-tools-for-stm32.12.3.rel1.win32_1.0.100.202403111256/tools/bin/../lib/gcc/arm-none-eabi/12.3.1/../../../../arm-none-eabi/lib/thumb/v7-m/nofp\libc_nano.a(libc_a-mallocr.o)
                0x20004c54                __malloc_sbrk_start
 .bss.__malloc_free_list
                0x20004c58        0x4 C:/ST/STM32CubeIDE_1.13.2/STM32CubeIDE/plugins/com.st.stm32cube.ide.mcu.externaltools.gnu-tools-for-stm32.12.3.rel1.win32_1.0.100.202403111256/tools/bin/../lib/gcc/arm-none-eabi/12.3.1/../../../../arm-none-eabi/lib/thumb/v7-m/nofp\libc_nano.a(libc_a-mallocr.o)
                0x20004c58                __malloc_free_list
 .bss.__sf      0x20004c5c      0x138 C:/ST/STM32CubeIDE_1.13.2/STM32CubeIDE/plugins/com.st.stm32cube.ide.mcu.externaltools.gnu-tools-for-stm32.12.3.rel1.win32_1.0.100.202403111256/tools/bin/../lib/gcc/arm-none-eabi/12.3.1/../../../../arm-none-eabi/lib/thumb/v7-m/nofp\libc_nano.a(libc_a-findfp.o)
                0x20004c5c                __sf
 .bss.errno     0x20004d94        0x4 C:/ST/STM32CubeIDE_1.13.2/STM32CubeIDE/plugins/com.st.stm32cube.ide.mcu.externaltools.gnu-tools-for-stm32.12.3.rel1.win32_1.0.100.202403111256/tools/bin/../lib/gcc/arm-none-eabi/12.3.1/../../../../arm-none-eabi/lib/thumb/v7-m/nofp\libc_nano.a(libc_a-reent.o)
                0x20004d94                errno
 .bss.__lock___malloc_recursive_mutex
                0x20004d98        0x1 C:/ST/STM32CubeIDE_1.13.2/STM32CubeIDE/plugins/com.st.stm32cube.ide.mcu.externaltools.gnu-tools-for-stm32.12.3.rel1.win32_1.0.100.202403111256/tools/bin/../lib/gcc/arm-none-eabi/12.3.1/../../../../arm-none-eabi/lib/thumb/v7-m/nofp\libc_nano.a(libc_a-lock.o)
                0x20004d98                __lock___malloc_recursive_mutex
 *(COMMON)
                0x20004d9c                        . = ALIGN (0x4)
 *fill*         0x20004d99        0x3 
                0x20004d9c                        _ebss = .
                0x20004d9c                        __bss_end__ = _ebss

._user_heap_stack
                0x20004d9c      0x604 load address 0x0800e2d4
                0x20004da0                        . = ALIGN (0x8)
 *fill*         0x20004d9c        0x4 
                [!provide]                        PROVIDE (end = .)
                0x20004da0                        PROVIDE (_end = .)
                0x20004fa0                        . = (. + _Min_Heap_Size)
 *fill*         0x20004da0      0x200 
                0x200053a0                        . = (. + _Min_Stack_Size)
 *fill*         0x20004fa0      0x400 
                0x200053a0                        . = ALIGN (0x8)

/DISCARD/
 libc.a(*)
 libm.a(*)
 libgcc.a(*)

.ARM.attributes
                0x00000000       0x29
 *(.ARM.attributes)
 .ARM.attributes
                0x00000000       0x1d C:/ST/STM32CubeIDE_1.13.2/STM32CubeIDE/plugins/com.st.stm32cube.ide.mcu.externaltools.gnu-tools-for-stm32.12.3.rel1.win32_1.0.100.202403111256/tools/bin/../lib/gcc/arm-none-eabi/12.3.1/thumb/v7-m/nofp/crti.o
 .ARM.attributes
                0x0000001d       0x2d C:/ST/STM32CubeIDE_1.13.2/STM32CubeIDE/plugins/com.st.stm32cube.ide.mcu.externaltools.gnu-tools-for-stm32.12.3.rel1.win32_1.0.100.202403111256/tools/bin/../lib/gcc/arm-none-eabi/12.3.1/thumb/v7-m/nofp/crtbegin.o
 .ARM.attributes
                0x0000004a       0x2d ./Application/app.o
 .ARM.attributes
                0x00000077       0x2d ./Core/Src/main.o
 .ARM.attributes
                0x000000a4       0x2d ./Core/Src/stm32f1xx_hal_msp.o
 .ARM.attributes
                0x000000d1       0x2d ./Core/Src/stm32f1xx_hal_timebase_tim.o
 .ARM.attributes
                0x000000fe       0x2d ./Core/Src/stm32f1xx_it.o
 .ARM.attributes
                0x0000012b       0x2d ./Core/Src/sysmem.o
 .ARM.attributes
                0x00000158       0x2d ./Core/Src/system_stm32f1xx.o
 .ARM.attributes
                0x00000185       0x21 ./Core/Startup/startup_stm32f103rctx.o
 .ARM.attributes
                0x000001a6       0x2d ./Drivers/STM32F1xx_HAL_Driver/Src/stm32f1xx_hal.o
 .ARM.attributes
                0x000001d3       0x2d ./Drivers/STM32F1xx_HAL_Driver/Src/stm32f1xx_hal_cortex.o
 .ARM.attributes
                0x00000200       0x2d ./Drivers/STM32F1xx_HAL_Driver/Src/stm32f1xx_hal_dma.o
 .ARM.attributes
                0x0000022d       0x2d ./Drivers/STM32F1xx_HAL_Driver/Src/stm32f1xx_hal_gpio.o
 .ARM.attributes
                0x0000025a       0x2d ./Drivers/STM32F1xx_HAL_Driver/Src/stm32f1xx_hal_rcc.o
 .ARM.attributes
                0x00000287       0x2d ./Drivers/STM32F1xx_HAL_Driver/Src/stm32f1xx_hal_spi.o
 .ARM.attributes
                0x000002b4       0x2d ./Drivers/STM32F1xx_HAL_Driver/Src/stm32f1xx_hal_tim.o
 .ARM.attributes
                0x000002e1       0x2d ./Drivers/STM32F1xx_HAL_Driver/Src/stm32f1xx_hal_tim_ex.o
 .ARM.attributes
                0x0000030e       0x2d ./Drivers/STM32F1xx_HAL_Driver/Src/stm32f1xx_hal_uart.o
 .ARM.attributes
                0x0000033b       0x2d ./FreeRTOS/list.o
 .ARM.attributes
                0x00000368       0x2d ./FreeRTOS/queue.o
 .ARM.attributes
                0x00000395       0x2d ./FreeRTOS/tasks.o
 .ARM.attributes
                0x000003c2       0x2d ./FreeRTOS/portable/GCC/ARM_CM3/port.o
 .ARM.attributes
                0x000003ef       0x2d ./FreeRTOS/portable/heap_4.o
 .ARM.attributes
                0x0000041c       0x2d ./Lib/delay/delay.o
 .ARM.attributes
                0x00000449       0x2d ./Lib/dht_11/dht_11.o
 .ARM.attributes
                0x00000476       0x2d ./Lib/lm_393/lm_393.o
 .ARM.attributes
                0x000004a3       0x2d ./Lib/pir_am312/pir_am312.o
 .ARM.attributes
                0x000004d0       0x2d ./Lib/tft_ili9341/ILI9341_GFX.o
 .ARM.attributes
                0x000004fd       0x2d ./Lib/tft_ili9341/ILI9341_STM32_Driver.o
 .ARM.attributes
                0x0000052a       0x2d ./Lib/tft_ili9341/fonts.o
 .ARM.attributes
                0x00000557       0x2d ./Lib/uart_test/uartstdio.o
 .ARM.attributes
                0x00000584       0x2d C:/ST/STM32CubeIDE_1.13.2/STM32CubeIDE/plugins/com.st.stm32cube.ide.mcu.externaltools.gnu-tools-for-stm32.12.3.rel1.win32_1.0.100.202403111256/tools/bin/../lib/gcc/arm-none-eabi/12.3.1/../../../../arm-none-eabi/lib/thumb/v7-m/nofp\libc_nano.a(libc_a-malloc.o)
 .ARM.attributes
                0x000005b1       0x2d C:/ST/STM32CubeIDE_1.13.2/STM32CubeIDE/plugins/com.st.stm32cube.ide.mcu.externaltools.gnu-tools-for-stm32.12.3.rel1.win32_1.0.100.202403111256/tools/bin/../lib/gcc/arm-none-eabi/12.3.1/../../../../arm-none-eabi/lib/thumb/v7-m/nofp\libc_nano.a(libc_a-mallocr.o)
 .ARM.attributes
                0x000005de       0x2d C:/ST/STM32CubeIDE_1.13.2/STM32CubeIDE/plugins/com.st.stm32cube.ide.mcu.externaltools.gnu-tools-for-stm32.12.3.rel1.win32_1.0.100.202403111256/tools/bin/../lib/gcc/arm-none-eabi/12.3.1/../../../../arm-none-eabi/lib/thumb/v7-m/nofp\libc_nano.a(libc_a-mlock.o)
 .ARM.attributes
                0x0000060b       0x2d C:/ST/STM32CubeIDE_1.13.2/STM32CubeIDE/plugins/com.st.stm32cube.ide.mcu.externaltools.gnu-tools-for-stm32.12.3.rel1.win32_1.0.100.202403111256/tools/bin/../lib/gcc/arm-none-eabi/12.3.1/../../../../arm-none-eabi/lib/thumb/v7-m/nofp\libc_nano.a(libc_a-findfp.o)
 .ARM.attributes
                0x00000638       0x2d C:/ST/STM32CubeIDE_1.13.2/STM32CubeIDE/plugins/com.st.stm32cube.ide.mcu.externaltools.gnu-tools-for-stm32.12.3.rel1.win32_1.0.100.202403111256/tools/bin/../lib/gcc/arm-none-eabi/12.3.1/../../../../arm-none-eabi/lib/thumb/v7-m/nofp\libc_nano.a(libc_a-memset.o)
 .ARM.attributes
                0x00000665       0x2d C:/ST/STM32CubeIDE_1.13.2/STM32CubeIDE/plugins/com.st.stm32cube.ide.mcu.externaltools.gnu-tools-for-stm32.12.3.rel1.win32_1.0.100.202403111256/tools/bin/../lib/gcc/arm-none-eabi/12.3.1/../../../../arm-none-eabi/lib/thumb/v7-m/nofp\libc_nano.a(libc_a-reent.o)
 .ARM.attributes
                0x00000692       0x2d C:/ST/STM32CubeIDE_1.13.2/STM32CubeIDE/plugins/com.st.stm32cube.ide.mcu.externaltools.gnu-tools-for-stm32.12.3.rel1.win32_1.0.100.202403111256/tools/bin/../lib/gcc/arm-none-eabi/12.3.1/../../../../arm-none-eabi/lib/thumb/v7-m/nofp\libc_nano.a(libc_a-impure.o)
 .ARM.attributes
                0x000006bf       0x2d C:/ST/STM32CubeIDE_1.13.2/STM32CubeIDE/plugins/com.st.stm32cube.ide.mcu.externaltools.gnu-tools-for-stm32.12.3.rel1.win32_1.0.100.202403111256/tools/bin/../lib/gcc/arm-none-eabi/12.3.1/../../../../arm-none-eabi/lib/thumb/v7-m/nofp\libc_nano.a(libc_a-sbrkr.o)
 .ARM.attributes
                0x000006ec       0x2d C:/ST/STM32CubeIDE_1.13.2/STM32CubeIDE/plugins/com.st.stm32cube.ide.mcu.externaltools.gnu-tools-for-stm32.12.3.rel1.win32_1.0.100.202403111256/tools/bin/../lib/gcc/arm-none-eabi/12.3.1/../../../../arm-none-eabi/lib/thumb/v7-m/nofp\libc_nano.a(libc_a-errno.o)
 .ARM.attributes
                0x00000719       0x2d C:/ST/STM32CubeIDE_1.13.2/STM32CubeIDE/plugins/com.st.stm32cube.ide.mcu.externaltools.gnu-tools-for-stm32.12.3.rel1.win32_1.0.100.202403111256/tools/bin/../lib/gcc/arm-none-eabi/12.3.1/../../../../arm-none-eabi/lib/thumb/v7-m/nofp\libc_nano.a(libc_a-init.o)
 .ARM.attributes
                0x00000746       0x2d C:/ST/STM32CubeIDE_1.13.2/STM32CubeIDE/plugins/com.st.stm32cube.ide.mcu.externaltools.gnu-tools-for-stm32.12.3.rel1.win32_1.0.100.202403111256/tools/bin/../lib/gcc/arm-none-eabi/12.3.1/../../../../arm-none-eabi/lib/thumb/v7-m/nofp\libc_nano.a(libc_a-lock.o)
 .ARM.attributes
                0x00000773       0x2d C:/ST/STM32CubeIDE_1.13.2/STM32CubeIDE/plugins/com.st.stm32cube.ide.mcu.externaltools.gnu-tools-for-stm32.12.3.rel1.win32_1.0.100.202403111256/tools/bin/../lib/gcc/arm-none-eabi/12.3.1/../../../../arm-none-eabi/lib/thumb/v7-m/nofp\libc_nano.a(libc_a-memcpy-stub.o)
 .ARM.attributes
                0x000007a0       0x1d C:/ST/STM32CubeIDE_1.13.2/STM32CubeIDE/plugins/com.st.stm32cube.ide.mcu.externaltools.gnu-tools-for-stm32.12.3.rel1.win32_1.0.100.202403111256/tools/bin/../lib/gcc/arm-none-eabi/12.3.1/thumb/v7-m/nofp/crtn.o
OUTPUT(BTL_LTN.elf elf32-littlearm)
LOAD linker stubs
LOAD C:/ST/STM32CubeIDE_1.13.2/STM32CubeIDE/plugins/com.st.stm32cube.ide.mcu.externaltools.gnu-tools-for-stm32.12.3.rel1.win32_1.0.100.202403111256/tools/bin/../lib/gcc/arm-none-eabi/12.3.1/../../../../arm-none-eabi/lib/thumb/v7-m/nofp\libc.a
LOAD C:/ST/STM32CubeIDE_1.13.2/STM32CubeIDE/plugins/com.st.stm32cube.ide.mcu.externaltools.gnu-tools-for-stm32.12.3.rel1.win32_1.0.100.202403111256/tools/bin/../lib/gcc/arm-none-eabi/12.3.1/../../../../arm-none-eabi/lib/thumb/v7-m/nofp\libm.a
LOAD C:/ST/STM32CubeIDE_1.13.2/STM32CubeIDE/plugins/com.st.stm32cube.ide.mcu.externaltools.gnu-tools-for-stm32.12.3.rel1.win32_1.0.100.202403111256/tools/bin/../lib/gcc/arm-none-eabi/12.3.1/thumb/v7-m/nofp\libgcc.a

.debug_info     0x00000000    0x16c7f
 .debug_info    0x00000000     0x14f3 ./Application/app.o
 .debug_info    0x000014f3     0x14eb ./Core/Src/main.o
 .debug_info    0x000029de     0x10ce ./Core/Src/stm32f1xx_hal_msp.o
 .debug_info    0x00003aac      0xa0e ./Core/Src/stm32f1xx_hal_timebase_tim.o
 .debug_info    0x000044ba      0xc58 ./Core/Src/stm32f1xx_it.o
 .debug_info    0x00005112      0x168 ./Core/Src/sysmem.o
 .debug_info    0x0000527a      0x222 ./Core/Src/system_stm32f1xx.o
 .debug_info    0x0000549c       0x30 ./Core/Startup/startup_stm32f103rctx.o
 .debug_info    0x000054cc      0x76a ./Drivers/STM32F1xx_HAL_Driver/Src/stm32f1xx_hal.o
 .debug_info    0x00005c36      0xaed ./Drivers/STM32F1xx_HAL_Driver/Src/stm32f1xx_hal_cortex.o
 .debug_info    0x00006723      0x6d2 ./Drivers/STM32F1xx_HAL_Driver/Src/stm32f1xx_hal_dma.o
 .debug_info    0x00006df5      0x5ab ./Drivers/STM32F1xx_HAL_Driver/Src/stm32f1xx_hal_gpio.o
 .debug_info    0x000073a0      0x7d5 ./Drivers/STM32F1xx_HAL_Driver/Src/stm32f1xx_hal_rcc.o
 .debug_info    0x00007b75     0x150f ./Drivers/STM32F1xx_HAL_Driver/Src/stm32f1xx_hal_spi.o
 .debug_info    0x00009084     0x293b ./Drivers/STM32F1xx_HAL_Driver/Src/stm32f1xx_hal_tim.o
 .debug_info    0x0000b9bf     0x149b ./Drivers/STM32F1xx_HAL_Driver/Src/stm32f1xx_hal_tim_ex.o
 .debug_info    0x0000ce5a     0x2fa8 ./Drivers/STM32F1xx_HAL_Driver/Src/stm32f1xx_hal_uart.o
 .debug_info    0x0000fe02      0x2f7 ./FreeRTOS/list.o
 .debug_info    0x000100f9     0x10d7 ./FreeRTOS/queue.o
 .debug_info    0x000111d0     0x1d16 ./FreeRTOS/tasks.o
 .debug_info    0x00012ee6      0x36d ./FreeRTOS/portable/GCC/ARM_CM3/port.o
 .debug_info    0x00013253      0x4d3 ./FreeRTOS/portable/heap_4.o
 .debug_info    0x00013726      0x66e ./Lib/delay/delay.o
 .debug_info    0x00013d94      0x887 ./Lib/dht_11/dht_11.o
 .debug_info    0x0001461b      0x1f6 ./Lib/lm_393/lm_393.o
 .debug_info    0x00014811      0x1f6 ./Lib/pir_am312/pir_am312.o
 .debug_info    0x00014a07      0x833 ./Lib/tft_ili9341/ILI9341_GFX.o
 .debug_info    0x0001523a      0xbb5 ./Lib/tft_ili9341/ILI9341_STM32_Driver.o
 .debug_info    0x00015def      0x17f ./Lib/tft_ili9341/fonts.o
 .debug_info    0x00015f6e      0xd11 ./Lib/uart_test/uartstdio.o

.debug_abbrev   0x00000000     0x3db0
 .debug_abbrev  0x00000000      0x2df ./Application/app.o
 .debug_abbrev  0x000002df      0x369 ./Core/Src/main.o
 .debug_abbrev  0x00000648      0x21d ./Core/Src/stm32f1xx_hal_msp.o
 .debug_abbrev  0x00000865      0x1f3 ./Core/Src/stm32f1xx_hal_timebase_tim.o
 .debug_abbrev  0x00000a58      0x1c9 ./Core/Src/stm32f1xx_it.o
 .debug_abbrev  0x00000c21       0xbc ./Core/Src/sysmem.o
 .debug_abbrev  0x00000cdd      0x13f ./Core/Src/system_stm32f1xx.o
 .debug_abbrev  0x00000e1c       0x24 ./Core/Startup/startup_stm32f103rctx.o
 .debug_abbrev  0x00000e40      0x201 ./Drivers/STM32F1xx_HAL_Driver/Src/stm32f1xx_hal.o
 .debug_abbrev  0x00001041      0x2f8 ./Drivers/STM32F1xx_HAL_Driver/Src/stm32f1xx_hal_cortex.o
 .debug_abbrev  0x00001339      0x20b ./Drivers/STM32F1xx_HAL_Driver/Src/stm32f1xx_hal_dma.o
 .debug_abbrev  0x00001544      0x1ca ./Drivers/STM32F1xx_HAL_Driver/Src/stm32f1xx_hal_gpio.o
 .debug_abbrev  0x0000170e      0x2b3 ./Drivers/STM32F1xx_HAL_Driver/Src/stm32f1xx_hal_rcc.o
 .debug_abbrev  0x000019c1      0x284 ./Drivers/STM32F1xx_HAL_Driver/Src/stm32f1xx_hal_spi.o
 .debug_abbrev  0x00001c45      0x277 ./Drivers/STM32F1xx_HAL_Driver/Src/stm32f1xx_hal_tim.o
 .debug_abbrev  0x00001ebc      0x282 ./Drivers/STM32F1xx_HAL_Driver/Src/stm32f1xx_hal_tim_ex.o
 .debug_abbrev  0x0000213e      0x2f8 ./Drivers/STM32F1xx_HAL_Driver/Src/stm32f1xx_hal_uart.o
 .debug_abbrev  0x00002436      0x106 ./FreeRTOS/list.o
 .debug_abbrev  0x0000253c      0x2e0 ./FreeRTOS/queue.o
 .debug_abbrev  0x0000281c      0x386 ./FreeRTOS/tasks.o
 .debug_abbrev  0x00002ba2      0x247 ./FreeRTOS/portable/GCC/ARM_CM3/port.o
 .debug_abbrev  0x00002de9      0x1fb ./FreeRTOS/portable/heap_4.o
 .debug_abbrev  0x00002fe4      0x17d ./Lib/delay/delay.o
 .debug_abbrev  0x00003161      0x1cc ./Lib/dht_11/dht_11.o
 .debug_abbrev  0x0000332d      0x154 ./Lib/lm_393/lm_393.o
 .debug_abbrev  0x00003481      0x154 ./Lib/pir_am312/pir_am312.o
 .debug_abbrev  0x000035d5      0x205 ./Lib/tft_ili9341/ILI9341_GFX.o
 .debug_abbrev  0x000037da      0x2b7 ./Lib/tft_ili9341/ILI9341_STM32_Driver.o
 .debug_abbrev  0x00003a91       0x7d ./Lib/tft_ili9341/fonts.o
 .debug_abbrev  0x00003b0e      0x2a2 ./Lib/uart_test/uartstdio.o

.debug_aranges  0x00000000     0x14c0
 .debug_aranges
                0x00000000       0x60 ./Application/app.o
 .debug_aranges
                0x00000060       0x68 ./Core/Src/main.o
 .debug_aranges
                0x000000c8       0x50 ./Core/Src/stm32f1xx_hal_msp.o
 .debug_aranges
                0x00000118       0x30 ./Core/Src/stm32f1xx_hal_timebase_tim.o
 .debug_aranges
                0x00000148       0xa0 ./Core/Src/stm32f1xx_it.o
 .debug_aranges
                0x000001e8       0x20 ./Core/Src/sysmem.o
 .debug_aranges
                0x00000208       0x28 ./Core/Src/system_stm32f1xx.o
 .debug_aranges
                0x00000230       0x28 ./Core/Startup/startup_stm32f103rctx.o
 .debug_aranges
                0x00000258       0xe0 ./Drivers/STM32F1xx_HAL_Driver/Src/stm32f1xx_hal.o
 .debug_aranges
                0x00000338      0x100 ./Drivers/STM32F1xx_HAL_Driver/Src/stm32f1xx_hal_cortex.o
 .debug_aranges
                0x00000438       0x80 ./Drivers/STM32F1xx_HAL_Driver/Src/stm32f1xx_hal_dma.o
 .debug_aranges
                0x000004b8       0x58 ./Drivers/STM32F1xx_HAL_Driver/Src/stm32f1xx_hal_gpio.o
 .debug_aranges
                0x00000510       0x90 ./Drivers/STM32F1xx_HAL_Driver/Src/stm32f1xx_hal_rcc.o
 .debug_aranges
                0x000005a0      0x1d0 ./Drivers/STM32F1xx_HAL_Driver/Src/stm32f1xx_hal_spi.o
 .debug_aranges
                0x00000770      0x3d0 ./Drivers/STM32F1xx_HAL_Driver/Src/stm32f1xx_hal_tim.o
 .debug_aranges
                0x00000b40      0x168 ./Drivers/STM32F1xx_HAL_Driver/Src/stm32f1xx_hal_tim_ex.o
 .debug_aranges
                0x00000ca8      0x208 ./Drivers/STM32F1xx_HAL_Driver/Src/stm32f1xx_hal_uart.o
 .debug_aranges
                0x00000eb0       0x40 ./FreeRTOS/list.o
 .debug_aranges
                0x00000ef0       0xf0 ./FreeRTOS/queue.o
 .debug_aranges
                0x00000fe0      0x1d0 ./FreeRTOS/tasks.o
 .debug_aranges
                0x000011b0       0x70 ./FreeRTOS/portable/GCC/ARM_CM3/port.o
 .debug_aranges
                0x00001220       0x60 ./FreeRTOS/portable/heap_4.o
 .debug_aranges
                0x00001280       0x30 ./Lib/delay/delay.o
 .debug_aranges
                0x000012b0       0x30 ./Lib/dht_11/dht_11.o
 .debug_aranges
                0x000012e0       0x28 ./Lib/lm_393/lm_393.o
 .debug_aranges
                0x00001308       0x28 ./Lib/pir_am312/pir_am312.o
 .debug_aranges
                0x00001330       0x60 ./Lib/tft_ili9341/ILI9341_GFX.o
 .debug_aranges
                0x00001390       0xb8 ./Lib/tft_ili9341/ILI9341_STM32_Driver.o
 .debug_aranges
                0x00001448       0x18 ./Lib/tft_ili9341/fonts.o
 .debug_aranges
                0x00001460       0x60 ./Lib/uart_test/uartstdio.o

.debug_rnglists
                0x00000000      0xfff
 .debug_rnglists
                0x00000000       0x4b ./Application/app.o
 .debug_rnglists
                0x0000004b       0x4f ./Core/Src/main.o
 .debug_rnglists
                0x0000009a       0x3a ./Core/Src/stm32f1xx_hal_msp.o
 .debug_rnglists
                0x000000d4       0x20 ./Core/Src/stm32f1xx_hal_timebase_tim.o
 .debug_rnglists
                0x000000f4       0x73 ./Core/Src/stm32f1xx_it.o
 .debug_rnglists
                0x00000167       0x13 ./Core/Src/sysmem.o
 .debug_rnglists
                0x0000017a       0x1a ./Core/Src/system_stm32f1xx.o
 .debug_rnglists
                0x00000194       0x19 ./Core/Startup/startup_stm32f103rctx.o
 .debug_rnglists
                0x000001ad       0xa3 ./Drivers/STM32F1xx_HAL_Driver/Src/stm32f1xx_hal.o
 .debug_rnglists
                0x00000250       0xbb ./Drivers/STM32F1xx_HAL_Driver/Src/stm32f1xx_hal_cortex.o
 .debug_rnglists
                0x0000030b       0x64 ./Drivers/STM32F1xx_HAL_Driver/Src/stm32f1xx_hal_dma.o
 .debug_rnglists
                0x0000036f       0x3f ./Drivers/STM32F1xx_HAL_Driver/Src/stm32f1xx_hal_gpio.o
 .debug_rnglists
                0x000003ae       0x6c ./Drivers/STM32F1xx_HAL_Driver/Src/stm32f1xx_hal_rcc.o
 .debug_rnglists
                0x0000041a      0x16e ./Drivers/STM32F1xx_HAL_Driver/Src/stm32f1xx_hal_spi.o
 .debug_rnglists
                0x00000588      0x31a ./Drivers/STM32F1xx_HAL_Driver/Src/stm32f1xx_hal_tim.o
 .debug_rnglists
                0x000008a2      0x125 ./Drivers/STM32F1xx_HAL_Driver/Src/stm32f1xx_hal_tim_ex.o
 .debug_rnglists
                0x000009c7      0x1bc ./Drivers/STM32F1xx_HAL_Driver/Src/stm32f1xx_hal_uart.o
 .debug_rnglists
                0x00000b83       0x2b ./FreeRTOS/list.o
 .debug_rnglists
                0x00000bae       0xb9 ./FreeRTOS/queue.o
 .debug_rnglists
                0x00000c67      0x170 ./FreeRTOS/tasks.o
 .debug_rnglists
                0x00000dd7       0x4f ./FreeRTOS/portable/GCC/ARM_CM3/port.o
 .debug_rnglists
                0x00000e26       0x47 ./FreeRTOS/portable/heap_4.o
 .debug_rnglists
                0x00000e6d       0x1f ./Lib/delay/delay.o
 .debug_rnglists
                0x00000e8c       0x21 ./Lib/dht_11/dht_11.o
 .debug_rnglists
                0x00000ead       0x19 ./Lib/lm_393/lm_393.o
 .debug_rnglists
                0x00000ec6       0x19 ./Lib/pir_am312/pir_am312.o
 .debug_rnglists
                0x00000edf       0x4b ./Lib/tft_ili9341/ILI9341_GFX.o
 .debug_rnglists
                0x00000f2a       0x8e ./Lib/tft_ili9341/ILI9341_STM32_Driver.o
 .debug_rnglists
                0x00000fb8       0x47 ./Lib/uart_test/uartstdio.o

.debug_macro    0x00000000    0x1ec2b
 .debug_macro   0x00000000      0x424 ./Application/app.o
 .debug_macro   0x00000424      0xaa8 ./Application/app.o
 .debug_macro   0x00000ecc       0x22 ./Application/app.o
 .debug_macro   0x00000eee       0x8e ./Application/app.o
 .debug_macro   0x00000f7c       0x51 ./Application/app.o
 .debug_macro   0x00000fcd      0x103 ./Application/app.o
 .debug_macro   0x000010d0       0x6a ./Application/app.o
 .debug_macro   0x0000113a      0x1df ./Application/app.o
 .debug_macro   0x00001319      0x221 ./Application/app.o
 .debug_macro   0x0000153a       0x2e ./Application/app.o
 .debug_macro   0x00001568       0x22 ./Application/app.o
 .debug_macro   0x0000158a       0x1c ./Application/app.o
 .debug_macro   0x000015a6       0x22 ./Application/app.o
 .debug_macro   0x000015c8       0xbd ./Application/app.o
 .debug_macro   0x00001685      0xd23 ./Application/app.o
 .debug_macro   0x000023a8     0xfd8c ./Application/app.o
 .debug_macro   0x00012134       0x6d ./Application/app.o
 .debug_macro   0x000121a1     0x348d ./Application/app.o
 .debug_macro   0x0001562e      0x189 ./Application/app.o
 .debug_macro   0x000157b7       0x5c ./Application/app.o
 .debug_macro   0x00015813      0x5bc ./Application/app.o
 .debug_macro   0x00015dcf      0x4d5 ./Application/app.o
 .debug_macro   0x000162a4      0x1cb ./Application/app.o
 .debug_macro   0x0001646f      0x114 ./Application/app.o
 .debug_macro   0x00016583      0x1ea ./Application/app.o
 .debug_macro   0x0001676d       0x27 ./Application/app.o
 .debug_macro   0x00016794      0x144 ./Application/app.o
 .debug_macro   0x000168d8      0x1bc ./Application/app.o
 .debug_macro   0x00016a94       0x30 ./Application/app.o
 .debug_macro   0x00016ac4       0x3c ./Application/app.o
 .debug_macro   0x00016b00       0x57 ./Application/app.o
 .debug_macro   0x00016b57       0x87 ./Application/app.o
 .debug_macro   0x00016bde      0x24f ./Application/app.o
 .debug_macro   0x00016e2d      0x140 ./Application/app.o
 .debug_macro   0x00016f6d      0x217 ./Application/app.o
 .debug_macro   0x00017184      0x8ed ./Application/app.o
 .debug_macro   0x00017a71      0x28e ./Application/app.o
 .debug_macro   0x00017cff       0xb5 ./Application/app.o
 .debug_macro   0x00017db4      0x1a6 ./Application/app.o
 .debug_macro   0x00017f5a       0x16 ./Application/app.o
 .debug_macro   0x00017f70      0x2b0 ./Application/app.o
 .debug_macro   0x00018220      0x134 ./Application/app.o
 .debug_macro   0x00018354       0x8d ./Application/app.o
 .debug_macro   0x000183e1       0x98 ./Application/app.o
 .debug_macro   0x00018479       0x28 ./Application/app.o
 .debug_macro   0x000184a1       0x2a ./Application/app.o
 .debug_macro   0x000184cb       0x90 ./Application/app.o
 .debug_macro   0x0001855b      0x280 ./Application/app.o
 .debug_macro   0x000187db      0x229 ./Application/app.o
 .debug_macro   0x00018a04       0x8e ./Application/app.o
 .debug_macro   0x00018a92       0x1c ./Application/app.o
 .debug_macro   0x00018aae      0x182 ./Application/app.o
 .debug_macro   0x00018c30       0xe7 ./Application/app.o
 .debug_macro   0x00018d17       0x28 ./Application/app.o
 .debug_macro   0x00018d3f       0x1f ./Application/app.o
 .debug_macro   0x00018d5e       0x12 ./Application/app.o
 .debug_macro   0x00018d70     0x1104 ./Application/app.o
 .debug_macro   0x00019e74       0xc3 ./Application/app.o
 .debug_macro   0x00019f37      0x14f ./Application/app.o
 .debug_macro   0x0001a086       0x80 ./Application/app.o
 .debug_macro   0x0001a106       0x62 ./Application/app.o
 .debug_macro   0x0001a168       0xca ./Application/app.o
 .debug_macro   0x0001a232       0x58 ./Application/app.o
 .debug_macro   0x0001a28a       0x34 ./Application/app.o
 .debug_macro   0x0001a2be       0x10 ./Application/app.o
 .debug_macro   0x0001a2ce       0x22 ./Application/app.o
 .debug_macro   0x0001a2f0       0x24 ./Application/app.o
 .debug_macro   0x0001a314       0x61 ./Application/app.o
 .debug_macro   0x0001a375       0x43 ./Application/app.o
 .debug_macro   0x0001a3b8       0x34 ./Application/app.o
 .debug_macro   0x0001a3ec       0x16 ./Application/app.o
 .debug_macro   0x0001a402       0x35 ./Application/app.o
 .debug_macro   0x0001a437       0x16 ./Application/app.o
 .debug_macro   0x0001a44d       0x43 ./Application/app.o
 .debug_macro   0x0001a490       0x34 ./Application/app.o
 .debug_macro   0x0001a4c4       0x10 ./Application/app.o
 .debug_macro   0x0001a4d4       0x58 ./Application/app.o
 .debug_macro   0x0001a52c       0x8e ./Application/app.o
 .debug_macro   0x0001a5ba       0x1c ./Application/app.o
 .debug_macro   0x0001a5d6      0x177 ./Application/app.o
 .debug_macro   0x0001a74d      0x369 ./Application/app.o
 .debug_macro   0x0001aab6       0x16 ./Application/app.o
 .debug_macro   0x0001aacc       0x29 ./Application/app.o
 .debug_macro   0x0001aaf5       0x16 ./Application/app.o
 .debug_macro   0x0001ab0b       0x20 ./Application/app.o
 .debug_macro   0x0001ab2b       0x58 ./Application/app.o
 .debug_macro   0x0001ab83      0x42e ./Core/Src/main.o
 .debug_macro   0x0001afb1      0x1b7 ./Core/Src/stm32f1xx_hal_msp.o
 .debug_macro   0x0001b168      0x1ad ./Core/Src/stm32f1xx_hal_timebase_tim.o
 .debug_macro   0x0001b315      0x1c1 ./Core/Src/stm32f1xx_it.o
 .debug_macro   0x0001b4d6       0xff ./Core/Src/sysmem.o
 .debug_macro   0x0001b5d5      0x23c ./Core/Src/sysmem.o
 .debug_macro   0x0001b811      0x1ad ./Core/Src/system_stm32f1xx.o
 .debug_macro   0x0001b9be      0x1d1 ./Drivers/STM32F1xx_HAL_Driver/Src/stm32f1xx_hal.o
 .debug_macro   0x0001bb8f      0x1ad ./Drivers/STM32F1xx_HAL_Driver/Src/stm32f1xx_hal_cortex.o
 .debug_macro   0x0001bd3c      0x1ad ./Drivers/STM32F1xx_HAL_Driver/Src/stm32f1xx_hal_dma.o
 .debug_macro   0x0001bee9      0x218 ./Drivers/STM32F1xx_HAL_Driver/Src/stm32f1xx_hal_gpio.o
 .debug_macro   0x0001c101      0x1bf ./Drivers/STM32F1xx_HAL_Driver/Src/stm32f1xx_hal_rcc.o
 .debug_macro   0x0001c2c0      0x1b5 ./Drivers/STM32F1xx_HAL_Driver/Src/stm32f1xx_hal_spi.o
 .debug_macro   0x0001c475      0x1ae ./Drivers/STM32F1xx_HAL_Driver/Src/stm32f1xx_hal_tim.o
 .debug_macro   0x0001c623      0x1ad ./Drivers/STM32F1xx_HAL_Driver/Src/stm32f1xx_hal_tim_ex.o
 .debug_macro   0x0001c7d0      0x1ae ./Drivers/STM32F1xx_HAL_Driver/Src/stm32f1xx_hal_uart.o
 .debug_macro   0x0001c97e      0x347 ./FreeRTOS/list.o
 .debug_macro   0x0001ccc5      0x3de ./FreeRTOS/queue.o
 .debug_macro   0x0001d0a3      0x463 ./FreeRTOS/tasks.o
 .debug_macro   0x0001d506       0x17 ./FreeRTOS/tasks.o
 .debug_macro   0x0001d51d      0x350 ./FreeRTOS/portable/GCC/ARM_CM3/port.o
 .debug_macro   0x0001d86d      0x3dc ./FreeRTOS/portable/heap_4.o
 .debug_macro   0x0001dc49      0x1c1 ./Lib/delay/delay.o
 .debug_macro   0x0001de0a      0x1d0 ./Lib/dht_11/dht_11.o
 .debug_macro   0x0001dfda       0x1c ./Lib/dht_11/dht_11.o
 .debug_macro   0x0001dff6      0x1b7 ./Lib/lm_393/lm_393.o
 .debug_macro   0x0001e1ad      0x1b7 ./Lib/pir_am312/pir_am312.o
 .debug_macro   0x0001e364      0x1f1 ./Lib/tft_ili9341/ILI9341_GFX.o
 .debug_macro   0x0001e555      0x1d0 ./Lib/tft_ili9341/ILI9341_STM32_Driver.o
 .debug_macro   0x0001e725       0x72 ./Lib/tft_ili9341/fonts.o
 .debug_macro   0x0001e797       0x2e ./Lib/tft_ili9341/fonts.o
 .debug_macro   0x0001e7c5      0x466 ./Lib/uart_test/uartstdio.o

.debug_line     0x00000000    0x1bed0
 .debug_line    0x00000000     0x13be ./Application/app.o
 .debug_line    0x000013be      0xf62 ./Core/Src/main.o
 .debug_line    0x00002320      0x839 ./Core/Src/stm32f1xx_hal_msp.o
 .debug_line    0x00002b59      0x798 ./Core/Src/stm32f1xx_hal_timebase_tim.o
 .debug_line    0x000032f1      0x899 ./Core/Src/stm32f1xx_it.o
 .debug_line    0x00003b8a      0x583 ./Core/Src/sysmem.o
 .debug_line    0x0000410d      0x79a ./Core/Src/system_stm32f1xx.o
 .debug_line    0x000048a7       0x79 ./Core/Startup/startup_stm32f103rctx.o
 .debug_line    0x00004920      0x9c7 ./Drivers/STM32F1xx_HAL_Driver/Src/stm32f1xx_hal.o
 .debug_line    0x000052e7      0xbb3 ./Drivers/STM32F1xx_HAL_Driver/Src/stm32f1xx_hal_cortex.o
 .debug_line    0x00005e9a     0x12f2 ./Drivers/STM32F1xx_HAL_Driver/Src/stm32f1xx_hal_dma.o
 .debug_line    0x0000718c      0xa88 ./Drivers/STM32F1xx_HAL_Driver/Src/stm32f1xx_hal_gpio.o
 .debug_line    0x00007c14      0xdd0 ./Drivers/STM32F1xx_HAL_Driver/Src/stm32f1xx_hal_rcc.o
 .debug_line    0x000089e4     0x1c79 ./Drivers/STM32F1xx_HAL_Driver/Src/stm32f1xx_hal_spi.o
 .debug_line    0x0000a65d     0x36f1 ./Drivers/STM32F1xx_HAL_Driver/Src/stm32f1xx_hal_tim.o
 .debug_line    0x0000dd4e     0x198c ./Drivers/STM32F1xx_HAL_Driver/Src/stm32f1xx_hal_tim_ex.o
 .debug_line    0x0000f6da     0x2910 ./Drivers/STM32F1xx_HAL_Driver/Src/stm32f1xx_hal_uart.o
 .debug_line    0x00011fea      0xb56 ./FreeRTOS/list.o
 .debug_line    0x00012b40     0x1378 ./FreeRTOS/queue.o
 .debug_line    0x00013eb8     0x1c29 ./FreeRTOS/tasks.o
 .debug_line    0x00015ae1      0xadc ./FreeRTOS/portable/GCC/ARM_CM3/port.o
 .debug_line    0x000165bd      0xd85 ./FreeRTOS/portable/heap_4.o
 .debug_line    0x00017342      0x79d ./Lib/delay/delay.o
 .debug_line    0x00017adf      0x8c7 ./Lib/dht_11/dht_11.o
 .debug_line    0x000183a6      0x734 ./Lib/lm_393/lm_393.o
 .debug_line    0x00018ada      0x736 ./Lib/pir_am312/pir_am312.o
 .debug_line    0x00019210      0xcf3 ./Lib/tft_ili9341/ILI9341_GFX.o
 .debug_line    0x00019f03      0xb76 ./Lib/tft_ili9341/ILI9341_STM32_Driver.o
 .debug_line    0x0001aa79      0x40d ./Lib/tft_ili9341/fonts.o
 .debug_line    0x0001ae86     0x104a ./Lib/uart_test/uartstdio.o

.debug_str      0x00000000    0xaf9a4
 .debug_str     0x00000000    0xa7daa ./Application/app.o
                              0xa8580 (size before relaxing)
 .debug_str     0x000a7daa      0x870 ./Core/Src/main.o
                              0xa83be (size before relaxing)
 .debug_str     0x000a861a      0x105 ./Core/Src/stm32f1xx_hal_msp.o
                              0x93b0d (size before relaxing)
 .debug_str     0x000a871f       0xdf ./Core/Src/stm32f1xx_hal_timebase_tim.o
                              0x9379c (size before relaxing)
 .debug_str     0x000a87fe      0x186 ./Core/Src/stm32f1xx_it.o
                              0x93738 (size before relaxing)
 .debug_str     0x000a8984      0x35c ./Core/Src/sysmem.o
                               0x606d (size before relaxing)
 .debug_str     0x000a8ce0       0x7e ./Core/Src/system_stm32f1xx.o
                              0x92df0 (size before relaxing)
 .debug_str     0x000a8d5e       0x44 ./Core/Startup/startup_stm32f103rctx.o
                                 0x78 (size before relaxing)
 .debug_str     0x000a8da2      0x340 ./Drivers/STM32F1xx_HAL_Driver/Src/stm32f1xx_hal.o
                              0x93607 (size before relaxing)
 .debug_str     0x000a90e2      0x294 ./Drivers/STM32F1xx_HAL_Driver/Src/stm32f1xx_hal_cortex.o
                              0x93553 (size before relaxing)
 .debug_str     0x000a9376      0x235 ./Drivers/STM32F1xx_HAL_Driver/Src/stm32f1xx_hal_dma.o
                              0x93199 (size before relaxing)
 .debug_str     0x000a95ab      0x2a8 ./Drivers/STM32F1xx_HAL_Driver/Src/stm32f1xx_hal_gpio.o
                              0x93176 (size before relaxing)
 .debug_str     0x000a9853      0x1f3 ./Drivers/STM32F1xx_HAL_Driver/Src/stm32f1xx_hal_rcc.o
                              0x9321f (size before relaxing)
 .debug_str     0x000a9a46      0x529 ./Drivers/STM32F1xx_HAL_Driver/Src/stm32f1xx_hal_spi.o
                              0x93722 (size before relaxing)
 .debug_str     0x000a9f6f      0xd88 ./Drivers/STM32F1xx_HAL_Driver/Src/stm32f1xx_hal_tim.o
                              0x94211 (size before relaxing)
 .debug_str     0x000aacf7      0x493 ./Drivers/STM32F1xx_HAL_Driver/Src/stm32f1xx_hal_tim_ex.o
                              0x93a2d (size before relaxing)
 .debug_str     0x000ab18a      0x5f4 ./Drivers/STM32F1xx_HAL_Driver/Src/stm32f1xx_hal_uart.o
                              0x93890 (size before relaxing)
 .debug_str     0x000ab77e      0x166 ./FreeRTOS/list.o
                              0xa4ae8 (size before relaxing)
 .debug_str     0x000ab8e4      0xa9a ./FreeRTOS/queue.o
                              0xa71fe (size before relaxing)
 .debug_str     0x000ac37e     0x1cfb ./FreeRTOS/tasks.o
                              0xa8006 (size before relaxing)
 .debug_str     0x000ae079      0x724 ./FreeRTOS/portable/GCC/ARM_CM3/port.o
                              0xa345d (size before relaxing)
 .debug_str     0x000ae79d      0x6e5 ./FreeRTOS/portable/heap_4.o
                              0xa65f8 (size before relaxing)
 .debug_str     0x000aee82       0x6f ./Lib/delay/delay.o
                              0x93278 (size before relaxing)
 .debug_str     0x000aeef1       0xac ./Lib/dht_11/dht_11.o
                              0x933d9 (size before relaxing)
 .debug_str     0x000aef9d       0x25 ./Lib/lm_393/lm_393.o
                              0x92dfd (size before relaxing)
 .debug_str     0x000aefc2       0x2f ./Lib/pir_am312/pir_am312.o
                              0x92e16 (size before relaxing)
 .debug_str     0x000aeff1      0x293 ./Lib/tft_ili9341/ILI9341_GFX.o
                              0x934fd (size before relaxing)
 .debug_str     0x000af284      0x1a4 ./Lib/tft_ili9341/ILI9341_STM32_Driver.o
                              0x93697 (size before relaxing)
 .debug_str     0x000af428       0x1b ./Lib/tft_ili9341/fonts.o
                               0x3dd5 (size before relaxing)
 .debug_str     0x000af443      0x561 ./Lib/uart_test/uartstdio.o
                              0xa8087 (size before relaxing)

.comment        0x00000000       0x43
 .comment       0x00000000       0x43 ./Application/app.o
                                 0x44 (size before relaxing)
 .comment       0x00000043       0x44 ./Core/Src/main.o
 .comment       0x00000043       0x44 ./Core/Src/stm32f1xx_hal_msp.o
 .comment       0x00000043       0x44 ./Core/Src/stm32f1xx_hal_timebase_tim.o
 .comment       0x00000043       0x44 ./Core/Src/stm32f1xx_it.o
 .comment       0x00000043       0x44 ./Core/Src/sysmem.o
 .comment       0x00000043       0x44 ./Core/Src/system_stm32f1xx.o
 .comment       0x00000043       0x44 ./Drivers/STM32F1xx_HAL_Driver/Src/stm32f1xx_hal.o
 .comment       0x00000043       0x44 ./Drivers/STM32F1xx_HAL_Driver/Src/stm32f1xx_hal_cortex.o
 .comment       0x00000043       0x44 ./Drivers/STM32F1xx_HAL_Driver/Src/stm32f1xx_hal_dma.o
 .comment       0x00000043       0x44 ./Drivers/STM32F1xx_HAL_Driver/Src/stm32f1xx_hal_gpio.o
 .comment       0x00000043       0x44 ./Drivers/STM32F1xx_HAL_Driver/Src/stm32f1xx_hal_rcc.o
 .comment       0x00000043       0x44 ./Drivers/STM32F1xx_HAL_Driver/Src/stm32f1xx_hal_spi.o
 .comment       0x00000043       0x44 ./Drivers/STM32F1xx_HAL_Driver/Src/stm32f1xx_hal_tim.o
 .comment       0x00000043       0x44 ./Drivers/STM32F1xx_HAL_Driver/Src/stm32f1xx_hal_tim_ex.o