../FreeRTOS/queue.c:303:12:xQueueGenericReset	24	static,ignoring_inline_asm
../FreeRTOS/queue.c:502:19:xQueueGenericCreate	48	static
../FreeRTOS/queue.c:566:13:prvInitialiseNewQueue	24	static
../FreeRTOS/queue.c:614:17:prvInitialiseMutex	16	static
../FreeRTOS/queue.c:644:19:xQueueCreateMutex	32	static
../FreeRTOS/queue.c:939:12:xQueueGenericSend	48	static,ignoring_inline_asm
../FreeRTOS/queue.c:1157:12:xQueueGenericSendFromISR	64	static,ignoring_inline_asm
../FreeRTOS/queue.c:1326:12:xQueueGiveFromISR	56	static,ignoring_inline_asm
../FreeRTOS/queue.c:1496:12:xQueueReceive	48	static,ignoring_inline_asm
../FreeRTOS/queue.c:1646:12:xQueueSemaphoreTake	48	static,ignoring_inline_asm
../FreeRTOS/queue.c:1871:12:xQueuePeek	48	static,ignoring_inline_asm
../FreeRTOS/queue.c:2029:12:xQueueReceiveFromISR	64	static,ignoring_inline_asm
../FreeRTOS/queue.c:2126:12:xQueuePeekFromISR	48	static,ignoring_inline_asm
../FreeRTOS/queue.c:2185:13:uxQueueMessagesWaiting	24	static
../FreeRTOS/queue.c:2205:13:uxQueueSpacesAvailable	24	static
../FreeRTOS/queue.c:2226:13:uxQueueMessagesWaitingFromISR	24	static
../FreeRTOS/queue.c:2242:6:vQueueDelete	24	static
../FreeRTOS/queue.c:2331:13:uxQueueGetQueueItemSize	16	static
../FreeRTOS/queue.c:2341:13:uxQueueGetQueueLength	16	static
../FreeRTOS/queue.c:2353:24:prvGetDisinheritPriorityAfterTimeout	24	static
../FreeRTOS/queue.c:2378:19:prvCopyDataToQueue	32	static
../FreeRTOS/queue.c:2461:13:prvCopyDataFromQueue	16	static
../FreeRTOS/queue.c:2482:13:prvUnlockQueue	24	static
../FreeRTOS/queue.c:2602:19:prvIsQueueEmpty	24	static
../FreeRTOS/queue.c:2623:12:xQueueIsQueueEmptyFromISR	24	static
../FreeRTOS/queue.c:2647:19:prvIsQueueFull	24	static
../FreeRTOS/queue.c:2668:12:xQueueIsQueueFullFromISR	24	static
