../Lib/tft_ili9341/ILI9341_STM32_Driver.c:7:6:HAL_SPI_TxCpltCallback	16	static
../Lib/tft_ili9341/ILI9341_STM32_Driver.c:19:13:ILI9341_SPI_Tx	16	static
../Lib/tft_ili9341/ILI9341_STM32_Driver.c:27:13:ILI9341_SPI_TxBuffer	16	static
../Lib/tft_ili9341/ILI9341_STM32_Driver.c:35:6:ILI9341_WriteCommand	16	static
../Lib/tft_ili9341/ILI9341_STM32_Driver.c:43:6:ILI9341_WriteData	16	static
../Lib/tft_ili9341/ILI9341_STM32_Driver.c:51:6:ILI9341_WriteBuffer	16	static
../Lib/tft_ili9341/ILI9341_STM32_Driver.c:59:6:ILI9341_SetAddress	32	static
../Lib/tft_ili9341/ILI9341_STM32_Driver.c:81:6:ILI9341_Reset	8	static
../Lib/tft_ili9341/ILI9341_STM32_Driver.c:91:6:ILI9341_Enable	8	static
../Lib/tft_ili9341/ILI9341_STM32_Driver.c:96:6:ILI9341_Init	8	static
../Lib/tft_ili9341/ILI9341_STM32_Driver.c:232:6:ILI9341_SetRotation	16	static
../Lib/tft_ili9341/ILI9341_STM32_Driver.c:264:6:ILI9341_DrawColor	24	static
../Lib/tft_ili9341/ILI9341_STM32_Driver.c:270:6:ILI9341_DrawColorBurst	80	dynamic
../Lib/tft_ili9341/ILI9341_STM32_Driver.c:315:6:ILI9341_FillScreen	16	static
../Lib/tft_ili9341/ILI9341_STM32_Driver.c:321:6:ILI9341_DrawPixel	32	static
../Lib/tft_ili9341/ILI9341_STM32_Driver.c:339:6:ILI9341_DrawRectangle	24	static
../Lib/tft_ili9341/ILI9341_STM32_Driver.c:357:6:ILI9341_DrawHLine	24	static
../Lib/tft_ili9341/ILI9341_STM32_Driver.c:370:6:ILI9341_DrawVLine	24	static
../Lib/tft_ili9341/ILI9341_STM32_Driver.c:383:13:ILI9341_Set_Window	24	static
../Lib/tft_ili9341/ILI9341_STM32_Driver.c:402:6:ILI9341_Draw_LVGL	32	static
