../Core/Src/main.c:76:5:main	8	static
../Core/Src/main.c:125:6:SystemClock_Config	72	static
../Core/Src/main.c:164:13:MX_SPI2_Init	8	static
../Core/Src/main.c:202:13:MX_TIM1_Init	32	static
../Core/Src/main.c:248:13:MX_TIM2_Init	32	static
../Core/Src/main.c:293:13:MX_TIM3_Init	32	static
../Core/Src/main.c:338:13:MX_USART1_UART_Init	8	static
../Core/Src/main.c:371:13:MX_GPIO_Init	40	static
../Core/Src/main.c:454:6:HAL_TIM_PeriodElapsedCallback	24	static,ignoring_inline_asm
../Core/Src/main.c:479:6:Error_Handler	4	static,ignoring_inline_asm
